Renesas Optimizing Linker (W1.01.00 )             17-Jul-2014 20:17:03

*** Options ***

-subcommand=DefaultBuild\seihoukei.clnk
-library=DefaultBuild\seihoukei.lib
-input=DefaultBuild\dbsct.obj
-input=DefaultBuild\intprg.obj
-input=DefaultBuild\resetprg.obj
-input=DefaultBuild\sbrk.obj
-input=DefaultBuild\seihoukei.obj
-input=DefaultBuild\vecttbl.obj
-noprelink
-output=DefaultBuild\seihoukei.abs
-list=DefaultBuild\seihoukei.map
-nooptimize
-start=B_1,R_1,B_2,R_2,B,R,SU,SI/04,PResetPRG/0FFFF8000,C_1,C_2,C,C$DSEC,C$BSEC,C$INIT,C$VTBL,C$VECT,D_1,D_2,D,P,PIntPRG,W_1,W_2,W,L/0FFFF8100,FIXEDVECT/0FFFFFFD0
-rom=D=R,D_1=R_1,D_2=R_2
-nologo
-end

*** Error information ***

*** Mapping List ***

SECTION                            START      END         SIZE   ALIGN

B_1
                                  00000004  00000004         0   1
R_1
                                  00000004  00000004         0   1
B_2
                                  00000004  00000004         0   1
R_2
                                  00000004  00000011         e   2
B
                                  00000014  00000417       404   4
R
                                  00000418  000004af        98   4
SU
                                  000004b0  000005af       100   4
SI
                                  000005b0  000008af       300   4
PResetPRG
                                  ffff8000  ffff8030        31   1
C_1
                                  ffff8100  ffff8100         0   1
C_2
                                  ffff8100  ffff8100         0   1
C
                                  ffff8100  ffff8207       108   4
C$DSEC
                                  ffff8208  ffff822b        24   4
C$BSEC
                                  ffff822c  ffff8243        18   4
C$INIT
                                  ffff8244  ffff8244         0   1
C$VTBL
                                  ffff8244  ffff8244         0   1
C$VECT
                                  ffff8244  ffff8643       400   4
D_1
                                  ffff8644  ffff8644         0   1
D_2
                                  ffff8644  ffff8651         e   2
D
                                  ffff8654  ffff86eb        98   4
P
                                  ffff86ec  ffff99a6      12bb   1
PIntPRG
                                  ffff99a7  ffff9b04       15e   1
W_1
                                  ffff9b05  ffff9b05         0   1
W_2
                                  ffff9b05  ffff9b05         0   1
W
                                  ffff9b05  ffff9b05         0   1
L
                                  ffff9b05  ffff9b05         0   1
$ADDR_C_FFFFFFA0
                                  ffffffa0  ffffffaf        10   1
FIXEDVECT
                                  ffffffd0  ffffffff        30   4
