Renesas Optimizing Linker (W1.01.00 )             14-Jun-2014 12:07:57

*** Options ***

-subcommand=DefaultBuild\1st\serial.clnk
-library=DefaultBuild\serial.lib
-input=DefaultBuild\1st\dbsct.obj
-input=DefaultBuild\1st\intprg.obj
-input=DefaultBuild\1st\resetprg.obj
-input=DefaultBuild\1st\sbrk.obj
-input=DefaultBuild\1st\serial.obj
-input=DefaultBuild\1st\vecttbl.obj
-noprelink
-nodebug
-output=DefaultBuild\1st\serial.abs
-map=DefaultBuild\1st\serial.bls
-list=DefaultBuild\1st\serial.map
-nooptimize
-start=B_1,R_1,B_2,R_2,B,R,SU,SI/04,PResetPRG/0FFFF8000,C_1,C_2,C,C$DSEC,C$BSEC,C$INIT,C$VTBL,C$VECT,D_1,D_2,D,P,PIntPRG,W_1,W_2,W,L/0FFFF8100,FIXEDVECT/0FFFFFFD0
-rom=D=R,D_1=R_1,D_2=R_2
-nologo
-end

*** Error information ***

*** Mapping List ***

SECTION                            START      END         SIZE   ALIGN

B_1
                                  00000004  00000004         0   1
R_1
                                  00000004  00000054        51   1
B_2
                                  00000055  00000055         0   1
R_2
                                  00000055  00000055         0   1
B
                                  00000058  0000045b       404   4
R
                                  0000045c  000006a3       248   4
SU
                                  000006a4  000007a3       100   4
SI
                                  000007a4  00000aa3       300   4
PResetPRG
                                  ffff8000  ffff8030        31   1
C_1
                                  ffff8100  ffff81d1        d2   1
C_2
                                  ffff81d2  ffff83d3       202   2
C
                                  ffff83d4  ffff844b        78   4
C$DSEC
                                  ffff844c  ffff846f        24   4
C$BSEC
                                  ffff8470  ffff8487        18   4
C$INIT
                                  ffff8488  ffff8488         0   1
C$VTBL
                                  ffff8488  ffff8488         0   1
C$VECT
                                  ffff8488  ffff8887       400   4
D_1
                                  ffff8888  ffff88d8        51   1
D_2
                                  ffff88d9  ffff88d9         0   1
D
                                  ffff88dc  ffff8b23       248   4
P
                                  ffff8b24  ffffa6c0      1b9d   1
PIntPRG
                                  ffffa6c1  ffffa7ac        ec   1
W_1
                                  ffffa7ad  ffffa7ad         0   1
W_2
                                  ffffa7ad  ffffa7ad         0   1
W
                                  ffffa7ad  ffffa7ad         0   1
L
                                  ffffa7b0  ffffa804        55   4
$ADDR_C_FFFFFFA0
                                  ffffffa0  ffffffaf        10   1
FIXEDVECT
                                  ffffffd0  ffffffff        30   4
