Renesas Optimizing Linker (W1.01.00 )             23-Aug-2014 15:26:13

*** Options ***

-subcommand=DefaultBuild\1st\SRC2.clnk
-library=DefaultBuild\SRC2.lib
-input=DefaultBuild\1st\dbsct.obj
-input=DefaultBuild\1st\intprg.obj
-input=DefaultBuild\1st\resetprg.obj
-input=DefaultBuild\1st\sbrk.obj
-input=DefaultBuild\1st\SRC2.obj
-input=DefaultBuild\1st\vecttbl.obj
-input=DefaultBuild\1st\init.obj
-input=DefaultBuild\1st\transmission.obj
-input=DefaultBuild\1st\flow_count.obj
-input=DefaultBuild\1st\init_dafalut.obj
-input=DefaultBuild\1st\swt_chata.obj
-noprelink
-nodebug
-output=DefaultBuild\1st\SRC2.abs
-map=DefaultBuild\1st\SRC2.bls
-list=DefaultBuild\1st\SRC2.map
-nooptimize
-start=B_1,R_1,B_2,R_2,B,R,SU,SI/04,PResetPRG/0FFFF8000,C_1,C_2,C,C$DSEC,C$BSEC,C$INIT,C$VTBL,C$VECT,D_1,D_2,D,P,PIntPRG,W_1,W_2,W,L/0FFFF8100,FIXEDVECT/0FFFFFFD0
-rom=D=R,D_1=R_1,D_2=R_2
-nologo
-end

*** Error information ***

*** Mapping List ***

SECTION                            START      END         SIZE   ALIGN

B_1
                                  00000004  00000004         0   1
R_1
                                  00000004  00000054        51   1
B_2
                                  00000055  00000055         0   1
R_2
                                  00000056  00000063         e   2
B
                                  00000064  00000467       404   4
R
                                  00000468  00001ebf      1a58   4
SU
                                  00001ec0  00001fbf       100   4
SI
                                  00001fc0  000022bf       300   4
PResetPRG
                                  ffff8000  ffff8030        31   1
C_1
                                  ffff8100  ffff81d1        d2   1
C_2
                                  ffff81d2  ffff83d3       202   2
C
                                  ffff83d4  ffff851f       14c   4
C$DSEC
                                  ffff8520  ffff8543        24   4
C$BSEC
                                  ffff8544  ffff855b        18   4
C$INIT
                                  ffff855c  ffff855c         0   1
C$VTBL
                                  ffff855c  ffff855c         0   1
C$VECT
                                  ffff855c  ffff895b       400   4
D_1
                                  ffff895c  ffff89ac        51   1
D_2
                                  ffff89ae  ffff89bb         e   2
D
                                  ffff89bc  ffffa413      1a58   4
P
                                  ffffa414  fffff64b      5238   1
PIntPRG
                                  fffff64c  fffff7a9       15e   1
W_1
                                  fffff7aa  fffff7aa         0   1
W_2
                                  fffff7aa  fffff7aa         0   1
W
                                  fffff7aa  fffff7aa         0   1
L
                                  fffff7ac  fffff850        a5   4
$ADDR_C_FFFFFFA0
                                  ffffffa0  ffffffaf        10   1
FIXEDVECT
                                  ffffffd0  ffffffff        30   4
