Renesas Optimizing Linker (W1.01.00 )             19-Jun-2014 19:25:58

*** Options ***

-subcommand=DefaultBuild\1st\encorder2.clnk
-library=DefaultBuild\encorder2.lib
-input=DefaultBuild\1st\dbsct.obj
-input=DefaultBuild\1st\encorder2.obj
-input=DefaultBuild\1st\intprg.obj
-input=DefaultBuild\1st\resetprg.obj
-input=DefaultBuild\1st\sbrk.obj
-input=DefaultBuild\1st\vecttbl.obj
-noprelink
-nodebug
-output=DefaultBuild\1st\encorder2.abs
-map=DefaultBuild\1st\encorder2.bls
-list=DefaultBuild\1st\encorder2.map
-nooptimize
-start=B_1,R_1,B_2,R_2,B,R,SU,SI/04,PResetPRG/0FFFF8000,C_1,C_2,C,C$DSEC,C$BSEC,C$INIT,C$VTBL,C$VECT,D_1,D_2,D,P,PIntPRG,W_1,W_2,W,L/0FFFF8100,FIXEDVECT/0FFFFFFD0
-rom=D=R,D_1=R_1,D_2=R_2
-nologo
-end

*** Error information ***

*** Mapping List ***

SECTION                            START      END         SIZE   ALIGN

B_1
                                  00000004  00000004         0   1
R_1
                                  00000004  00000054        51   1
B_2
                                  00000055  00000055         0   1
R_2
                                  00000055  00000055         0   1
B
                                  00000058  0000045b       404   4
R
                                  0000045c  000006f7       29c   4
SU
                                  000006f8  000007f7       100   4
SI
                                  000007f8  00000af7       300   4
PResetPRG
                                  ffff8000  ffff8030        31   1
C_1
                                  ffff8100  ffff81d1        d2   1
C_2
                                  ffff81d2  ffff83d3       202   2
C
                                  ffff83d4  ffff8497        c4   4
C$DSEC
                                  ffff8498  ffff84bb        24   4
C$BSEC
                                  ffff84bc  ffff84d3        18   4
C$INIT
                                  ffff84d4  ffff84d4         0   1
C$VTBL
                                  ffff84d4  ffff84d4         0   1
C$VECT
                                  ffff84d4  ffff88d3       400   4
D_1
                                  ffff88d4  ffff8924        51   1
D_2
                                  ffff8925  ffff8925         0   1
D
                                  ffff8928  ffff8bc3       29c   4
P
                                  ffff8bc4  ffffad6d      21aa   1
PIntPRG
                                  ffffad6e  ffffaeb8       14b   1
W_1
                                  ffffaeb9  ffffaeb9         0   1
W_2
                                  ffffaeb9  ffffaeb9         0   1
W
                                  ffffaeb9  ffffaeb9         0   1
L
                                  ffffaebc  ffffaf0c        51   4
$ADDR_C_FFFFFFA0
                                  ffffffa0  ffffffaf        10   1
FIXEDVECT
                                  ffffffd0  ffffffff        30   4
