Renesas Optimizing Linker (W1.01.00 )             23-Jun-2014 17:36:02

*** Options ***

-subcommand=DefaultBuild\PDêßå‰.clnk
-library=DefaultBuild\PDêßå‰.lib
-input=DefaultBuild\dbsct.obj
-input=DefaultBuild\intprg.obj
-input=DefaultBuild\PDêßå‰.obj
-input=DefaultBuild\resetprg.obj
-input=DefaultBuild\sbrk.obj
-input=DefaultBuild\vecttbl.obj
-noprelink
-output=DefaultBuild\PDêßå‰.abs
-list=DefaultBuild\PDêßå‰.map
-nooptimize
-start=B_1,R_1,B_2,R_2,B,R,SU,SI/04,PResetPRG/0FFFF8000,C_1,C_2,C,C$DSEC,C$BSEC,C$INIT,C$VTBL,C$VECT,D_1,D_2,D,P,PIntPRG,W_1,W_2,W,L/0FFFF8100,FIXEDVECT/0FFFFFFD0
-rom=D=R,D_1=R_1,D_2=R_2
-nologo
-end

*** Error information ***

*** Mapping List ***

SECTION                            START      END         SIZE   ALIGN

B_1
                                  00000004  00000004         0   1
R_1
                                  00000004  00000004         0   1
B_2
                                  00000004  00000004         0   1
R_2
                                  00000004  00000004         0   1
B
                                  00000004  00000407       404   4
R
                                  00000408  00000483        7c   4
SU
                                  00000484  00000583       100   4
SI
                                  00000584  00000883       300   4
PResetPRG
                                  ffff8000  ffff8030        31   1
C_1
                                  ffff8100  ffff8100         0   1
C_2
                                  ffff8100  ffff8100         0   1
C
                                  ffff8100  ffff817f        80   4
C$DSEC
                                  ffff8180  ffff81a3        24   4
C$BSEC
                                  ffff81a4  ffff81bb        18   4
C$INIT
                                  ffff81bc  ffff81bc         0   1
C$VTBL
                                  ffff81bc  ffff81bc         0   1
C$VECT
                                  ffff81bc  ffff85bb       400   4
D_1
                                  ffff85bc  ffff85bc         0   1
D_2
                                  ffff85bc  ffff85bc         0   1
D
                                  ffff85bc  ffff8637        7c   4
P
                                  ffff8638  ffff912d       af6   1
PIntPRG
                                  ffff912e  ffff9252       125   1
W_1
                                  ffff9253  ffff9253         0   1
W_2
                                  ffff9253  ffff9253         0   1
W
                                  ffff9253  ffff9253         0   1
L
                                  ffff9253  ffff9253         0   1
$ADDR_C_FFFFFFA0
                                  ffffffa0  ffffffaf        10   1
FIXEDVECT
                                  ffffffd0  ffffffff        30   4
