Renesas Optimizing Linker (W1.01.00 )             19-Sep-2014 19:22:37

*** Options ***

-subcommand=DefaultBuild\1st\62Ntest.clnk
-library=DefaultBuild\62Ntest.lib
-input=DefaultBuild\1st\62Ntest.obj
-input=DefaultBuild\1st\dbsct.obj
-input=DefaultBuild\1st\intprg.obj
-input=DefaultBuild\1st\resetprg.obj
-input=DefaultBuild\1st\sbrk.obj
-input=DefaultBuild\1st\vecttbl.obj
-noprelink
-nodebug
-output=DefaultBuild\1st\62Ntest.abs
-map=DefaultBuild\1st\62Ntest.bls
-list=DefaultBuild\1st\62Ntest.map
-nooptimize
-start=B_1,R_1,B_2,R_2,B,R,SU,SI/04,PResetPRG/0FFFF8000,C_1,C_2,C,C$DSEC,C$BSEC,C$INIT,C$VTBL,C$VECT,D_1,D_2,D,P,PIntPRG,W_1,W_2,W,L/0FFFF8100,FIXEDVECT/0FFFFFFD0
-rom=D=R,D_1=R_1,D_2=R_2
-nologo
-end

*** Error information ***

*** Mapping List ***

SECTION                            START      END         SIZE   ALIGN

B_1
                                  00000004  00000004         0   1
R_1
                                  00000004  00000083        80   1
B_2
                                  00000084  00000084         0   1
R_2
                                  00000084  00000084         0   1
B
                                  00000084  000004a3       420   4
R
                                  000004a4  0000088f       3ec   4
SU
                                  00000890  0000098f       100   4
SI
                                  00000990  00000c8f       300   4
PResetPRG
                                  ffff8000  ffff8030        31   1
C_1
                                  ffff8100  ffff81d1        d2   1
C_2
                                  ffff81d2  ffff83d3       202   2
C
                                  ffff83d4  ffff8583       1b0   4
C$DSEC
                                  ffff8584  ffff85a7        24   4
C$BSEC
                                  ffff85a8  ffff85bf        18   4
C$INIT
                                  ffff85c0  ffff85c0         0   1
C$VTBL
                                  ffff85c0  ffff85c0         0   1
C$VECT
                                  ffff85c0  ffff89bf       400   4
D_1
                                  ffff89c0  ffff8a3f        80   1
D_2
                                  ffff8a40  ffff8a40         0   1
D
                                  ffff8a40  ffff8e2b       3ec   4
P
                                  ffff8e2c  ffffd0f6      42cb   1
PIntPRG
                                  ffffd0f7  ffffd2ae       1b8   1
W_1
                                  ffffd2af  ffffd2af         0   1
W_2
                                  ffffd2af  ffffd2af         0   1
W
                                  ffffd2af  ffffd2af         0   1
L
                                  ffffd2b0  ffffd388        d9   4
$ADDR_C_FFFFFFA0
                                  ffffffa0  ffffffaf        10   1
FIXEDVECT
                                  ffffffd0  ffffffff        30   4
