Renesas Optimizing Linker (W1.01.00 )             17-Jun-2014 18:23:24

*** Options ***

-subcommand=DefaultBuild\tyoonpa.clnk
-library=DefaultBuild\tyoonpa.lib
-input=DefaultBuild\dbsct.obj
-input=DefaultBuild\intprg.obj
-input=DefaultBuild\resetprg.obj
-input=DefaultBuild\sbrk.obj
-input=DefaultBuild\tyoonpa.obj
-input=DefaultBuild\vecttbl.obj
-noprelink
-output=DefaultBuild\tyoonpa.abs
-list=DefaultBuild\tyoonpa.map
-nooptimize
-start=B_1,R_1,B_2,R_2,B,R,SU,SI/04,PResetPRG/0FFFF8000,C_1,C_2,C,C$DSEC,C$BSEC,C$INIT,C$VTBL,C$VECT,D_1,D_2,D,P,PIntPRG,W_1,W_2,W,L/0FFFF8100,FIXEDVECT/0FFFFFFD0
-rom=D=R,D_1=R_1,D_2=R_2
-nologo
-end

*** Error information ***

*** Mapping List ***

SECTION                            START      END         SIZE   ALIGN

B_1
                                  00000004  00000004         0   1
R_1
                                  00000004  00000054        51   1
B_2
                                  00000055  00000055         0   1
R_2
                                  00000055  00000055         0   1
B
                                  00000058  0000045b       404   4
R
                                  0000045c  000006a7       24c   4
SU
                                  000006a8  000007a7       100   4
SI
                                  000007a8  00000aa7       300   4
PResetPRG
                                  ffff8000  ffff8030        31   1
C_1
                                  ffff8100  ffff81d1        d2   1
C_2
                                  ffff81d2  ffff83d3       202   2
C
                                  ffff83d4  ffff844b        78   4
C$DSEC
                                  ffff844c  ffff846f        24   4
C$BSEC
                                  ffff8470  ffff8487        18   4
C$INIT
                                  ffff8488  ffff8488         0   1
C$VTBL
                                  ffff8488  ffff8488         0   1
C$VECT
                                  ffff8488  ffff8887       400   4
D_1
                                  ffff8888  ffff88d8        51   1
D_2
                                  ffff88d9  ffff88d9         0   1
D
                                  ffff88dc  ffff8b27       24c   4
P
                                  ffff8b28  ffffa6bf      1b98   1
PIntPRG
                                  ffffa6c0  ffffa7be        ff   1
W_1
                                  ffffa7bf  ffffa7bf         0   1
W_2
                                  ffffa7bf  ffffa7bf         0   1
W
                                  ffffa7bf  ffffa7bf         0   1
L
                                  ffffa7c0  ffffa804        45   4
$ADDR_C_FFFFFFA0
                                  ffffffa0  ffffffaf        10   1
FIXEDVECT
                                  ffffffd0  ffffffff        30   4
