Renesas Optimizing Linker (W1.01.00 )             08-Sep-2014 13:33:36

*** Options ***

-subcommand=DefaultBuild\62Ntest.clnk
-library=DefaultBuild\62Ntest.lib
-input=DefaultBuild\62Ntest.obj
-input=DefaultBuild\dbsct.obj
-input=DefaultBuild\intprg.obj
-input=DefaultBuild\resetprg.obj
-input=DefaultBuild\sbrk.obj
-input=DefaultBuild\vecttbl.obj
-noprelink
-output=DefaultBuild\62Ntest.abs
-list=DefaultBuild\62Ntest.map
-nooptimize
-start=B_1,R_1,B_2,R_2,B,R,SU,SI/04,PResetPRG/0FFFF8000,C_1,C_2,C,C$DSEC,C$BSEC,C$INIT,C$VTBL,C$VECT,D_1,D_2,D,P,PIntPRG,W_1,W_2,W,L/0FFFF8100,FIXEDVECT/0FFFFFFD0
-rom=D=R,D_1=R_1,D_2=R_2
-nologo
-end

*** Error information ***

*** Mapping List ***

SECTION                            START      END         SIZE   ALIGN

B_1
                                  00000004  00000004         0   1
R_1
                                  00000004  00000054        51   1
B_2
                                  00000055  00000055         0   1
R_2
                                  00000055  00000055         0   1
B
                                  00000058  0000045b       404   4
R
                                  0000045c  0000072b       2d0   4
SU
                                  0000072c  0000082b       100   4
SI
                                  0000082c  00000b2b       300   4
PResetPRG
                                  ffff8000  ffff8030        31   1
C_1
                                  ffff8100  ffff81d1        d2   1
C_2
                                  ffff81d2  ffff83d3       202   2
C
                                  ffff83d4  ffff8553       180   4
C$DSEC
                                  ffff8554  ffff8577        24   4
C$BSEC
                                  ffff8578  ffff858f        18   4
C$INIT
                                  ffff8590  ffff8590         0   1
C$VTBL
                                  ffff8590  ffff8590         0   1
C$VECT
                                  ffff8590  ffff898f       400   4
D_1
                                  ffff8990  ffff89e0        51   1
D_2
                                  ffff89e1  ffff89e1         0   1
D
                                  ffff89e4  ffff8cb3       2d0   4
P
                                  ffff8cb4  ffffbf60      32ad   1
PIntPRG
                                  ffffbf61  ffffc0c2       162   1
W_1
                                  ffffc0c3  ffffc0c3         0   1
W_2
                                  ffffc0c3  ffffc0c3         0   1
W
                                  ffffc0c3  ffffc0c3         0   1
L
                                  ffffc0c4  ffffc114        51   4
$ADDR_C_FFFFFFA0
                                  ffffffa0  ffffffaf        10   1
FIXEDVECT
                                  ffffffd0  ffffffff        30   4
