Renesas Optimizing Linker (W1.01.00 )             31-Jul-2014 19:04:16

*** Options ***

-subcommand=DefaultBuild\SRC2.clnk
-library=DefaultBuild\SRC2.lib
-input=DefaultBuild\dbsct.obj
-input=DefaultBuild\intprg.obj
-input=DefaultBuild\resetprg.obj
-input=DefaultBuild\sbrk.obj
-input=DefaultBuild\SRC2.obj
-input=DefaultBuild\vecttbl.obj
-input=DefaultBuild\init.obj
-input=DefaultBuild\transmission.obj
-input=DefaultBuild\flow_count.obj
-input=DefaultBuild\init_dafalut.obj
-input=DefaultBuild\swt_chata.obj
-noprelink
-output=DefaultBuild\SRC2.abs
-list=DefaultBuild\SRC2.map
-nooptimize
-start=B_1,R_1,B_2,R_2,B,R,SU,SI/04,PResetPRG/0FFFF8000,C_1,C_2,C,C$DSEC,C$BSEC,C$INIT,C$VTBL,C$VECT,D_1,D_2,D,P,PIntPRG,W_1,W_2,W,L/0FFFF8100,FIXEDVECT/0FFFFFFD0
-rom=D=R,D_1=R_1,D_2=R_2
-nologo
-end

*** Error information ***

*** Mapping List ***

SECTION                            START      END         SIZE   ALIGN

B_1
                                  00000004  00000004         0   1
R_1
                                  00000004  00000054        51   1
B_2
                                  00000055  00000055         0   1
R_2
                                  00000056  00000063         e   2
B
                                  00000064  00000467       404   4
R
                                  00000468  00001ebb      1a54   4
SU
                                  00001ebc  00001fbb       100   4
SI
                                  00001fbc  000022bb       300   4
PResetPRG
                                  ffff8000  ffff8030        31   1
C_1
                                  ffff8100  ffff81d1        d2   1
C_2
                                  ffff81d2  ffff83d3       202   2
C
                                  ffff83d4  ffff851f       14c   4
C$DSEC
                                  ffff8520  ffff8543        24   4
C$BSEC
                                  ffff8544  ffff855b        18   4
C$INIT
                                  ffff855c  ffff855c         0   1
C$VTBL
                                  ffff855c  ffff855c         0   1
C$VECT
                                  ffff855c  ffff895b       400   4
D_1
                                  ffff895c  ffff89ac        51   1
D_2
                                  ffff89ae  ffff89bb         e   2
D
                                  ffff89bc  ffffa40f      1a54   4
P
                                  ffffa410  ffffeb6c      475d   1
PIntPRG
                                  ffffeb6d  ffffecca       15e   1
W_1
                                  ffffeccb  ffffeccb         0   1
W_2
                                  ffffeccb  ffffeccb         0   1
W
                                  ffffeccb  ffffeccb         0   1
L
                                  ffffeccc  ffffed54        89   4
$ADDR_C_FFFFFFA0
                                  ffffffa0  ffffffaf        10   1
FIXEDVECT
                                  ffffffd0  ffffffff        30   4
