Renesas Optimizing Linker (W1.01.00 )             20-Aug-2014 23:13:20

*** Options ***

-subcommand=DefaultBuild\SRC2.clnk
-library=DefaultBuild\SRC2.lib
-input=DefaultBuild\dbsct.obj
-input=DefaultBuild\intprg.obj
-input=DefaultBuild\resetprg.obj
-input=DefaultBuild\sbrk.obj
-input=DefaultBuild\SRC2.obj
-input=DefaultBuild\vecttbl.obj
-input=DefaultBuild\init.obj
-noprelink
-output=DefaultBuild\SRC2.abs
-list=DefaultBuild\SRC2.map
-nooptimize
-start=B_1,R_1,B_2,R_2,B,R,SU,SI/04,PResetPRG/0FFFF8000,C_1,C_2,C,C$DSEC,C$BSEC,C$INIT,C$VTBL,C$VECT,D_1,D_2,D,P,PIntPRG,W_1,W_2,W,L/0FFFF8100,FIXEDVECT/0FFFFFFD0
-rom=D=R,D_1=R_1,D_2=R_2
-nologo
-end

*** Error information ***

*** Mapping List ***

SECTION                            START      END         SIZE   ALIGN

B_1
                                  00000004  00000004         0   1
R_1
                                  00000004  00000063        60   1
B_2
                                  00000064  00000064         0   1
R_2
                                  00000064  00000064         0   1
B
                                  00000064  00000483       420   4
R
                                  00000484  000006d7       254   4
SU
                                  000006d8  000007d7       100   4
SI
                                  000007d8  00000ad7       300   4
PResetPRG
                                  ffff8000  ffff8030        31   1
C_1
                                  ffff8100  ffff81d1        d2   1
C_2
                                  ffff81d2  ffff83d3       202   2
C
                                  ffff83d4  ffff844b        78   4
C$DSEC
                                  ffff844c  ffff846f        24   4
C$BSEC
                                  ffff8470  ffff8487        18   4
C$INIT
                                  ffff8488  ffff8488         0   1
C$VTBL
                                  ffff8488  ffff8488         0   1
C$VECT
                                  ffff8488  ffff8887       400   4
D_1
                                  ffff8888  ffff88e7        60   1
D_2
                                  ffff88e8  ffff88e8         0   1
D
                                  ffff88e8  ffff8b3b       254   4
P
                                  ffff8b3c  ffffbecd      3392   1
PIntPRG
                                  ffffbece  ffffc016       149   1
W_1
                                  ffffc017  ffffc017         0   1
W_2
                                  ffffc017  ffffc017         0   1
W
                                  ffffc017  ffffc017         0   1
L
                                  ffffc018  ffffc09c        85   4
$ADDR_C_FFFFFFA0
                                  ffffffa0  ffffffaf        10   1
FIXEDVECT
                                  ffffffd0  ffffffff        30   4
