Archive member included to satisfy reference by file (symbol)

c:/users/äxéj/mentorgraphics/sourcery_codebench_lite_for_arm_eabi/bin/../lib/gcc/arm-none-eabi/4.8.3/thumb2\libgcc.a(_arm_addsubdf3.o)
                              ..\obj\main.o (__aeabi_dadd)
c:/users/äxéj/mentorgraphics/sourcery_codebench_lite_for_arm_eabi/bin/../lib/gcc/arm-none-eabi/4.8.3/thumb2\libgcc.a(_arm_truncdfsf2.o)
                              ..\obj\main.o (__aeabi_d2f)
c:/users/äxéj/mentorgraphics/sourcery_codebench_lite_for_arm_eabi/bin/../lib/gcc/arm-none-eabi/4.8.3/thumb2\libgcc.a(_arm_addsubsf3.o)
                              ..\obj\main.o (__aeabi_fsub)
c:/users/äxéj/mentorgraphics/sourcery_codebench_lite_for_arm_eabi/bin/../lib/gcc/arm-none-eabi/4.8.3/thumb2\libgcc.a(_arm_muldivsf3.o)
                              ..\obj\main.o (__aeabi_fmul)
c:/users/äxéj/mentorgraphics/sourcery_codebench_lite_for_arm_eabi/bin/../lib/gcc/arm-none-eabi/4.8.3/thumb2\libgcc.a(_arm_cmpsf2.o)
                              ..\obj\main.o (__aeabi_fcmplt)
c:/users/äxéj/mentorgraphics/sourcery_codebench_lite_for_arm_eabi/bin/../lib/gcc/arm-none-eabi/4.8.3/thumb2\libgcc.a(_arm_fixunssfsi.o)
                              ..\obj\main.o (__aeabi_f2uiz)

Discarded input sections

 .text          0x00000000        0x0 ..\obj\stm32f4xx_syscfg.o
 .data          0x00000000        0x0 ..\obj\stm32f4xx_syscfg.o
 .bss           0x00000000        0x0 ..\obj\stm32f4xx_syscfg.o
 .text.SYSCFG_DeInit
                0x00000000       0x1c ..\obj\stm32f4xx_syscfg.o
 .text.SYSCFG_MemoryRemapConfig
                0x00000000       0x20 ..\obj\stm32f4xx_syscfg.o
 .text.SYSCFG_EXTILineConfig
                0x00000000       0x94 ..\obj\stm32f4xx_syscfg.o
 .text.SYSCFG_ETH_MediaInterfaceConfig
                0x00000000       0x1c ..\obj\stm32f4xx_syscfg.o
 .text.SYSCFG_CompensationCellCmd
                0x00000000       0x20 ..\obj\stm32f4xx_syscfg.o
 .text.SYSCFG_GetCompensationCellStatus
                0x00000000       0x34 ..\obj\stm32f4xx_syscfg.o
 .debug_info    0x00000000      0x24b ..\obj\stm32f4xx_syscfg.o
 .debug_abbrev  0x00000000      0x131 ..\obj\stm32f4xx_syscfg.o
 .debug_aranges
                0x00000000       0x48 ..\obj\stm32f4xx_syscfg.o
 .debug_ranges  0x00000000       0x38 ..\obj\stm32f4xx_syscfg.o
 .debug_line    0x00000000      0x1d3 ..\obj\stm32f4xx_syscfg.o
 .debug_str     0x00000000      0x2b3 ..\obj\stm32f4xx_syscfg.o
 .comment       0x00000000       0x47 ..\obj\stm32f4xx_syscfg.o
 .ARM.attributes
                0x00000000       0x33 ..\obj\stm32f4xx_syscfg.o
 .debug_frame   0x00000000       0xbc ..\obj\stm32f4xx_syscfg.o
 .text          0x00000000        0x0 ..\obj\stm32f4xx_usart.o
 .data          0x00000000        0x0 ..\obj\stm32f4xx_usart.o
 .bss           0x00000000        0x0 ..\obj\stm32f4xx_usart.o
 .text.USART_DeInit
                0x00000000       0xdc ..\obj\stm32f4xx_usart.o
 .text.USART_Init
                0x00000000      0x188 ..\obj\stm32f4xx_usart.o
 .text.USART_StructInit
                0x00000000       0x38 ..\obj\stm32f4xx_usart.o
 .text.USART_ClockInit
                0x00000000       0x54 ..\obj\stm32f4xx_usart.o
 .text.USART_ClockStructInit
                0x00000000       0x2c ..\obj\stm32f4xx_usart.o
 .text.USART_Cmd
                0x00000000       0x40 ..\obj\stm32f4xx_usart.o
 .text.USART_SetPrescaler
                0x00000000       0x38 ..\obj\stm32f4xx_usart.o
 .text.USART_OverSampling8Cmd
                0x00000000       0x44 ..\obj\stm32f4xx_usart.o
 .text.USART_OneBitMethodCmd
                0x00000000       0x40 ..\obj\stm32f4xx_usart.o
 .text.USART_SendData
                0x00000000       0x24 ..\obj\stm32f4xx_usart.o
 .text.USART_ReceiveData
                0x00000000       0x20 ..\obj\stm32f4xx_usart.o
 .text.USART_SetAddress
                0x00000000       0x38 ..\obj\stm32f4xx_usart.o
 .text.USART_ReceiverWakeUpCmd
                0x00000000       0x40 ..\obj\stm32f4xx_usart.o
 .text.USART_WakeUpConfig
                0x00000000       0x38 ..\obj\stm32f4xx_usart.o
 .text.USART_LINBreakDetectLengthConfig
                0x00000000       0x38 ..\obj\stm32f4xx_usart.o
 .text.USART_LINCmd
                0x00000000       0x40 ..\obj\stm32f4xx_usart.o
 .text.USART_SendBreak
                0x00000000       0x24 ..\obj\stm32f4xx_usart.o
 .text.USART_HalfDuplexCmd
                0x00000000       0x40 ..\obj\stm32f4xx_usart.o
 .text.USART_SetGuardTime
                0x00000000       0x3c ..\obj\stm32f4xx_usart.o
 .text.USART_SmartCardCmd
                0x00000000       0x40 ..\obj\stm32f4xx_usart.o
 .text.USART_SmartCardNACKCmd
                0x00000000       0x40 ..\obj\stm32f4xx_usart.o
 .text.USART_IrDAConfig
                0x00000000       0x38 ..\obj\stm32f4xx_usart.o
 .text.USART_IrDACmd
                0x00000000       0x40 ..\obj\stm32f4xx_usart.o
 .text.USART_DMACmd
                0x00000000       0x48 ..\obj\stm32f4xx_usart.o
 .text.USART_ITConfig
                0x00000000       0x90 ..\obj\stm32f4xx_usart.o
 .text.USART_GetFlagStatus
                0x00000000       0x38 ..\obj\stm32f4xx_usart.o
 .text.USART_ClearFlag
                0x00000000       0x20 ..\obj\stm32f4xx_usart.o
 .text.USART_GetITStatus
                0x00000000       0xb0 ..\obj\stm32f4xx_usart.o
 .text.USART_ClearITPendingBit
                0x00000000       0x38 ..\obj\stm32f4xx_usart.o
 .debug_info    0x00000000      0x996 ..\obj\stm32f4xx_usart.o
 .debug_abbrev  0x00000000      0x155 ..\obj\stm32f4xx_usart.o
 .debug_aranges
                0x00000000      0x100 ..\obj\stm32f4xx_usart.o
 .debug_ranges  0x00000000       0xf0 ..\obj\stm32f4xx_usart.o
 .debug_line    0x00000000      0x464 ..\obj\stm32f4xx_usart.o
 .debug_str     0x00000000      0x643 ..\obj\stm32f4xx_usart.o
 .comment       0x00000000       0x47 ..\obj\stm32f4xx_usart.o
 .ARM.attributes
                0x00000000       0x33 ..\obj\stm32f4xx_usart.o
 .debug_frame   0x00000000      0x344 ..\obj\stm32f4xx_usart.o
 .text          0x00000000        0x0 ..\obj\init_GPIOs.o
 .data          0x00000000        0x0 ..\obj\init_GPIOs.o
 .bss           0x00000000        0x0 ..\obj\init_GPIOs.o
 .text          0x00000000        0x0 ..\obj\stm32f4xx_pwr.o
 .data          0x00000000        0x0 ..\obj\stm32f4xx_pwr.o
 .bss           0x00000000        0x0 ..\obj\stm32f4xx_pwr.o
 .text.PWR_DeInit
                0x00000000       0x1c ..\obj\stm32f4xx_pwr.o
 .text.PWR_BackupAccessCmd
                0x00000000       0x20 ..\obj\stm32f4xx_pwr.o
 .text.PWR_PVDLevelConfig
                0x00000000       0x40 ..\obj\stm32f4xx_pwr.o
 .text.PWR_PVDCmd
                0x00000000       0x20 ..\obj\stm32f4xx_pwr.o
 .text.PWR_WakeUpPinCmd
                0x00000000       0x20 ..\obj\stm32f4xx_pwr.o
 .text.PWR_BackupRegulatorCmd
                0x00000000       0x20 ..\obj\stm32f4xx_pwr.o
 .text.PWR_MainRegulatorModeConfig
                0x00000000       0x4c ..\obj\stm32f4xx_pwr.o
 .text.PWR_FlashPowerDownCmd
                0x00000000       0x20 ..\obj\stm32f4xx_pwr.o
 .text.PWR_EnterSTOPMode
                0x00000000       0x80 ..\obj\stm32f4xx_pwr.o
 .text.PWR_EnterSTANDBYMode
                0x00000000       0x58 ..\obj\stm32f4xx_pwr.o
 .text.PWR_GetFlagStatus
                0x00000000       0x38 ..\obj\stm32f4xx_pwr.o
 .text.PWR_ClearFlag
                0x00000000       0x2c ..\obj\stm32f4xx_pwr.o
 .debug_info    0x00000000      0x4d0 ..\obj\stm32f4xx_pwr.o
 .debug_abbrev  0x00000000      0x17f ..\obj\stm32f4xx_pwr.o
 .debug_aranges
                0x00000000       0x78 ..\obj\stm32f4xx_pwr.o
 .debug_ranges  0x00000000       0x68 ..\obj\stm32f4xx_pwr.o
 .debug_line    0x00000000      0x271 ..\obj\stm32f4xx_pwr.o
 .debug_str     0x00000000      0x345 ..\obj\stm32f4xx_pwr.o
 .comment       0x00000000       0x47 ..\obj\stm32f4xx_pwr.o
 .ARM.attributes
                0x00000000       0x33 ..\obj\stm32f4xx_pwr.o
 .debug_frame   0x00000000      0x15c ..\obj\stm32f4xx_pwr.o
 .text          0x00000000        0x0 ..\obj\startup_stm32f4xx.o
 .data          0x00000000        0x0 ..\obj\startup_stm32f4xx.o
 .bss           0x00000000        0x0 ..\obj\startup_stm32f4xx.o
 .text          0x00000000        0x0 ..\obj\stm32f4xx_crc.o
 .data          0x00000000        0x0 ..\obj\stm32f4xx_crc.o
 .bss           0x00000000        0x0 ..\obj\stm32f4xx_crc.o
 .text.CRC_ResetDR
                0x00000000       0x18 ..\obj\stm32f4xx_crc.o
 .text.CRC_CalcCRC
                0x00000000       0x2c ..\obj\stm32f4xx_crc.o
 .text.CRC_CalcBlockCRC
                0x00000000       0x4c ..\obj\stm32f4xx_crc.o
 .text.CRC_GetCRC
                0x00000000       0x18 ..\obj\stm32f4xx_crc.o
 .text.CRC_SetIDRegister
                0x00000000       0x20 ..\obj\stm32f4xx_crc.o
 .text.CRC_GetIDRegister
                0x00000000       0x1c ..\obj\stm32f4xx_crc.o
 .debug_info    0x00000000      0x1dc ..\obj\stm32f4xx_crc.o
 .debug_abbrev  0x00000000      0x114 ..\obj\stm32f4xx_crc.o
 .debug_aranges
                0x00000000       0x48 ..\obj\stm32f4xx_crc.o
 .debug_ranges  0x00000000       0x38 ..\obj\stm32f4xx_crc.o
 .debug_line    0x00000000      0x1d8 ..\obj\stm32f4xx_crc.o
 .debug_str     0x00000000      0x1ff ..\obj\stm32f4xx_crc.o
 .comment       0x00000000       0x47 ..\obj\stm32f4xx_crc.o
 .ARM.attributes
                0x00000000       0x33 ..\obj\stm32f4xx_crc.o
 .debug_frame   0x00000000       0xac ..\obj\stm32f4xx_crc.o
 .text          0x00000000        0x0 ..\obj\main.o
 .data          0x00000000        0x0 ..\obj\main.o
 .text          0x00000000        0x0 ..\obj\stm32f4xx_rcc.o
 .data          0x00000000       0x10 ..\obj\stm32f4xx_rcc.o
 .bss           0x00000000        0x0 ..\obj\stm32f4xx_rcc.o
 .text.RCC_DeInit
                0x00000000       0x84 ..\obj\stm32f4xx_rcc.o
 .text.RCC_HSEConfig
                0x00000000       0x2c ..\obj\stm32f4xx_rcc.o
 .text.RCC_WaitForHSEStartUp
                0x00000000       0x50 ..\obj\stm32f4xx_rcc.o
 .text.RCC_AdjustHSICalibrationValue
                0x00000000       0x44 ..\obj\stm32f4xx_rcc.o
 .text.RCC_HSICmd
                0x00000000       0x20 ..\obj\stm32f4xx_rcc.o
 .text.RCC_LSEConfig
                0x00000000       0x54 ..\obj\stm32f4xx_rcc.o
 .text.RCC_LSICmd
                0x00000000       0x20 ..\obj\stm32f4xx_rcc.o
 .text.RCC_PLLConfig
                0x00000000       0x40 ..\obj\stm32f4xx_rcc.o
 .text.RCC_PLLCmd
                0x00000000       0x20 ..\obj\stm32f4xx_rcc.o
 .text.RCC_PLLI2SConfig
                0x00000000       0x2c ..\obj\stm32f4xx_rcc.o
 .text.RCC_PLLI2SCmd
                0x00000000       0x20 ..\obj\stm32f4xx_rcc.o
 .text.RCC_ClockSecuritySystemCmd
                0x00000000       0x20 ..\obj\stm32f4xx_rcc.o
 .text.RCC_MCO1Config
                0x00000000       0x44 ..\obj\stm32f4xx_rcc.o
 .text.RCC_MCO2Config
                0x00000000       0x44 ..\obj\stm32f4xx_rcc.o
 .text.RCC_SYSCLKConfig
                0x00000000       0x40 ..\obj\stm32f4xx_rcc.o
 .text.RCC_GetSYSCLKSource
                0x00000000       0x20 ..\obj\stm32f4xx_rcc.o
 .text.RCC_HCLKConfig
                0x00000000       0x40 ..\obj\stm32f4xx_rcc.o
 .text.RCC_PCLK1Config
                0x00000000       0x40 ..\obj\stm32f4xx_rcc.o
 .text.RCC_PCLK2Config
                0x00000000       0x40 ..\obj\stm32f4xx_rcc.o
 .text.RCC_GetClocksFreq
                0x00000000      0x1a8 ..\obj\stm32f4xx_rcc.o
 .text.RCC_RTCCLKConfig
                0x00000000       0x70 ..\obj\stm32f4xx_rcc.o
 .text.RCC_RTCCLKCmd
                0x00000000       0x20 ..\obj\stm32f4xx_rcc.o
 .text.RCC_BackupResetCmd
                0x00000000       0x20 ..\obj\stm32f4xx_rcc.o
 .text.RCC_I2SCLKConfig
                0x00000000       0x20 ..\obj\stm32f4xx_rcc.o
 .text.RCC_AHB2PeriphClockCmd
                0x00000000       0x50 ..\obj\stm32f4xx_rcc.o
 .text.RCC_AHB3PeriphClockCmd
                0x00000000       0x50 ..\obj\stm32f4xx_rcc.o
 .text.RCC_AHB1PeriphResetCmd
                0x00000000       0x50 ..\obj\stm32f4xx_rcc.o
 .text.RCC_AHB2PeriphResetCmd
                0x00000000       0x50 ..\obj\stm32f4xx_rcc.o
 .text.RCC_AHB3PeriphResetCmd
                0x00000000       0x50 ..\obj\stm32f4xx_rcc.o
 .text.RCC_APB1PeriphResetCmd
                0x00000000       0x50 ..\obj\stm32f4xx_rcc.o
 .text.RCC_APB2PeriphResetCmd
                0x00000000       0x50 ..\obj\stm32f4xx_rcc.o
 .text.RCC_AHB1PeriphClockLPModeCmd
                0x00000000       0x50 ..\obj\stm32f4xx_rcc.o
 .text.RCC_AHB2PeriphClockLPModeCmd
                0x00000000       0x50 ..\obj\stm32f4xx_rcc.o
 .text.RCC_AHB3PeriphClockLPModeCmd
                0x00000000       0x50 ..\obj\stm32f4xx_rcc.o
 .text.RCC_APB1PeriphClockLPModeCmd
                0x00000000       0x50 ..\obj\stm32f4xx_rcc.o
 .text.RCC_APB2PeriphClockLPModeCmd
                0x00000000       0x50 ..\obj\stm32f4xx_rcc.o
 .text.RCC_ITConfig
                0x00000000       0x5c ..\obj\stm32f4xx_rcc.o
 .text.RCC_GetFlagStatus
                0x00000000       0x84 ..\obj\stm32f4xx_rcc.o
 .text.RCC_ClearFlag
                0x00000000       0x24 ..\obj\stm32f4xx_rcc.o
 .text.RCC_GetITStatus
                0x00000000       0x38 ..\obj\stm32f4xx_rcc.o
 .text.RCC_ClearITPendingBit
                0x00000000       0x20 ..\obj\stm32f4xx_rcc.o
 .text          0x00000000        0x0 ..\obj\stm32f4xx_adc.o
 .data          0x00000000        0x0 ..\obj\stm32f4xx_adc.o
 .bss           0x00000000        0x0 ..\obj\stm32f4xx_adc.o
 .text.ADC_DeInit
                0x00000000       0x1c ..\obj\stm32f4xx_adc.o
 .text.ADC_Init
                0x00000000       0xac ..\obj\stm32f4xx_adc.o
 .text.ADC_StructInit
                0x00000000       0x3c ..\obj\stm32f4xx_adc.o
 .text.ADC_CommonInit
                0x00000000       0x58 ..\obj\stm32f4xx_adc.o
 .text.ADC_CommonStructInit
                0x00000000       0x2c ..\obj\stm32f4xx_adc.o
 .text.ADC_Cmd  0x00000000       0x38 ..\obj\stm32f4xx_adc.o
 .text.ADC_AnalogWatchdogCmd
                0x00000000       0x38 ..\obj\stm32f4xx_adc.o
 .text.ADC_AnalogWatchdogThresholdsConfig
                0x00000000       0x28 ..\obj\stm32f4xx_adc.o
 .text.ADC_AnalogWatchdogSingleChannelConfig
                0x00000000       0x38 ..\obj\stm32f4xx_adc.o
 .text.ADC_TempSensorVrefintCmd
                0x00000000       0x4c ..\obj\stm32f4xx_adc.o
 .text.ADC_VBATCmd
                0x00000000       0x4c ..\obj\stm32f4xx_adc.o
 .text.ADC_RegularChannelConfig
                0x00000000      0x188 ..\obj\stm32f4xx_adc.o
 .text.ADC_SoftwareStartConv
                0x00000000       0x20 ..\obj\stm32f4xx_adc.o
 .text.ADC_GetSoftwareStartConvStatus
                0x00000000       0x30 ..\obj\stm32f4xx_adc.o
 .text.ADC_EOCOnEachRegularChannelCmd
                0x00000000       0x38 ..\obj\stm32f4xx_adc.o
 .text.ADC_ContinuousModeCmd
                0x00000000       0x38 ..\obj\stm32f4xx_adc.o
 .text.ADC_DiscModeChannelCountConfig
                0x00000000       0x44 ..\obj\stm32f4xx_adc.o
 .text.ADC_DiscModeCmd
                0x00000000       0x38 ..\obj\stm32f4xx_adc.o
 .text.ADC_GetConversionValue
                0x00000000       0x1c ..\obj\stm32f4xx_adc.o
 .text.ADC_GetMultiModeConversionValue
                0x00000000       0x18 ..\obj\stm32f4xx_adc.o
 .text.ADC_DMACmd
                0x00000000       0x38 ..\obj\stm32f4xx_adc.o
 .text.ADC_DMARequestAfterLastTransferCmd
                0x00000000       0x38 ..\obj\stm32f4xx_adc.o
 .text.ADC_MultiModeDMARequestAfterLastTransferCmd
                0x00000000       0x4c ..\obj\stm32f4xx_adc.o
 .text.ADC_InjectedChannelConfig
                0x00000000      0x114 ..\obj\stm32f4xx_adc.o
 .text.ADC_InjectedSequencerLengthConfig
                0x00000000       0x44 ..\obj\stm32f4xx_adc.o
 .text.ADC_SetInjectedOffset
                0x00000000       0x30 ..\obj\stm32f4xx_adc.o
 .text.ADC_ExternalTrigInjectedConvConfig
                0x00000000       0x34 ..\obj\stm32f4xx_adc.o
 .text.ADC_ExternalTrigInjectedConvEdgeConfig
                0x00000000       0x34 ..\obj\stm32f4xx_adc.o
 .text.ADC_SoftwareStartInjectedConv
                0x00000000       0x20 ..\obj\stm32f4xx_adc.o
 .text.ADC_GetSoftwareStartInjectedConvCmdStatus
                0x00000000       0x30 ..\obj\stm32f4xx_adc.o
 .text.ADC_AutoInjectedConvCmd
                0x00000000       0x38 ..\obj\stm32f4xx_adc.o
 .text.ADC_InjectedDiscModeCmd
                0x00000000       0x38 ..\obj\stm32f4xx_adc.o
 .text.ADC_GetInjectedConversionValue
                0x00000000       0x30 ..\obj\stm32f4xx_adc.o
 .text.ADC_ITConfig
                0x00000000       0x50 ..\obj\stm32f4xx_adc.o
 .text.ADC_GetFlagStatus
                0x00000000       0x34 ..\obj\stm32f4xx_adc.o
 .text.ADC_ClearFlag
                0x00000000       0x20 ..\obj\stm32f4xx_adc.o
 .text.ADC_GetITStatus
                0x00000000       0x5c ..\obj\stm32f4xx_adc.o
 .text.ADC_ClearITPendingBit
                0x00000000       0x2c ..\obj\stm32f4xx_adc.o
 .debug_info    0x00000000      0xc0c ..\obj\stm32f4xx_adc.o
 .debug_abbrev  0x00000000      0x196 ..\obj\stm32f4xx_adc.o
 .debug_aranges
                0x00000000      0x148 ..\obj\stm32f4xx_adc.o
 .debug_ranges  0x00000000      0x138 ..\obj\stm32f4xx_adc.o
 .debug_line    0x00000000      0x513 ..\obj\stm32f4xx_adc.o
 .debug_str     0x00000000      0x7b8 ..\obj\stm32f4xx_adc.o
 .comment       0x00000000       0x47 ..\obj\stm32f4xx_adc.o
 .ARM.attributes
                0x00000000       0x33 ..\obj\stm32f4xx_adc.o
 .debug_frame   0x00000000      0x434 ..\obj\stm32f4xx_adc.o
 .text          0x00000000        0x0 ..\obj\stm32f4xx_fsmc.o
 .data          0x00000000        0x0 ..\obj\stm32f4xx_fsmc.o
 .bss           0x00000000        0x0 ..\obj\stm32f4xx_fsmc.o
 .text.FSMC_NORSRAMDeInit
                0x00000000       0x58 ..\obj\stm32f4xx_fsmc.o
 .text.FSMC_NORSRAMInit
                0x00000000      0x13c ..\obj\stm32f4xx_fsmc.o
 .text.FSMC_NORSRAMStructInit
                0x00000000       0xd4 ..\obj\stm32f4xx_fsmc.o
 .text.FSMC_NORSRAMCmd
                0x00000000       0x54 ..\obj\stm32f4xx_fsmc.o
 .text.FSMC_NANDDeInit
                0x00000000       0x74 ..\obj\stm32f4xx_fsmc.o
 .text.FSMC_NANDInit
                0x00000000       0xdc ..\obj\stm32f4xx_fsmc.o
 .text.FSMC_NANDStructInit
                0x00000000       0x7c ..\obj\stm32f4xx_fsmc.o
 .text.FSMC_NANDCmd
                0x00000000       0x8c ..\obj\stm32f4xx_fsmc.o
 .text.FSMC_NANDECCCmd
                0x00000000       0x8c ..\obj\stm32f4xx_fsmc.o
 .text.FSMC_GetECC
                0x00000000       0x38 ..\obj\stm32f4xx_fsmc.o
 .text.FSMC_PCCARDDeInit
                0x00000000       0x44 ..\obj\stm32f4xx_fsmc.o
 .text.FSMC_PCCARDInit
                0x00000000       0xb8 ..\obj\stm32f4xx_fsmc.o
 .text.FSMC_PCCARDStructInit
                0x00000000       0x84 ..\obj\stm32f4xx_fsmc.o
 .text.FSMC_PCCARDCmd
                0x00000000       0x4c ..\obj\stm32f4xx_fsmc.o
 .text.FSMC_ITConfig
                0x00000000       0xc4 ..\obj\stm32f4xx_fsmc.o
 .text.FSMC_GetFlagStatus
                0x00000000       0x64 ..\obj\stm32f4xx_fsmc.o
 .text.FSMC_ClearFlag
                0x00000000       0x68 ..\obj\stm32f4xx_fsmc.o
 .text.FSMC_GetITStatus
                0x00000000       0x80 ..\obj\stm32f4xx_fsmc.o
 .text.FSMC_ClearITPendingBit
                0x00000000       0x70 ..\obj\stm32f4xx_fsmc.o
 .debug_info    0x00000000      0x8d4 ..\obj\stm32f4xx_fsmc.o
 .debug_abbrev  0x00000000      0x170 ..\obj\stm32f4xx_fsmc.o
 .debug_aranges
                0x00000000       0xb0 ..\obj\stm32f4xx_fsmc.o
 .debug_ranges  0x00000000       0xa0 ..\obj\stm32f4xx_fsmc.o
 .debug_line    0x00000000      0x415 ..\obj\stm32f4xx_fsmc.o
 .debug_str     0x00000000      0x748 ..\obj\stm32f4xx_fsmc.o
 .comment       0x00000000       0x47 ..\obj\stm32f4xx_fsmc.o
 .ARM.attributes
                0x00000000       0x33 ..\obj\stm32f4xx_fsmc.o
 .debug_frame   0x00000000      0x220 ..\obj\stm32f4xx_fsmc.o
 .text          0x00000000        0x0 ..\obj\stm32f4xx_gpio.o
 .data          0x00000000        0x0 ..\obj\stm32f4xx_gpio.o
 .bss           0x00000000        0x0 ..\obj\stm32f4xx_gpio.o
 .text.GPIO_DeInit
                0x00000000      0x130 ..\obj\stm32f4xx_gpio.o
 .text.GPIO_PinLockConfig
                0x00000000       0x44 ..\obj\stm32f4xx_gpio.o
 .text.GPIO_ReadInputData
                0x00000000       0x1c ..\obj\stm32f4xx_gpio.o
 .text.GPIO_ReadOutputDataBit
                0x00000000       0x34 ..\obj\stm32f4xx_gpio.o
 .text.GPIO_ReadOutputData
                0x00000000       0x1c ..\obj\stm32f4xx_gpio.o
 .text.GPIO_Write
                0x00000000       0x1c ..\obj\stm32f4xx_gpio.o
 .text.GPIO_ToggleBits
                0x00000000       0x24 ..\obj\stm32f4xx_gpio.o
 .text          0x00000000        0x0 ..\obj\stm32f4xx_flash.o
 .data          0x00000000        0x0 ..\obj\stm32f4xx_flash.o
 .bss           0x00000000        0x0 ..\obj\stm32f4xx_flash.o
 .text.FLASH_SetLatency
                0x00000000       0x20 ..\obj\stm32f4xx_flash.o
 .text.FLASH_PrefetchBufferCmd
                0x00000000       0x4c ..\obj\stm32f4xx_flash.o
 .text.FLASH_InstructionCacheCmd
                0x00000000       0x4c ..\obj\stm32f4xx_flash.o
 .text.FLASH_DataCacheCmd
                0x00000000       0x4c ..\obj\stm32f4xx_flash.o
 .text.FLASH_InstructionCacheReset
                0x00000000       0x24 ..\obj\stm32f4xx_flash.o
 .text.FLASH_DataCacheReset
                0x00000000       0x24 ..\obj\stm32f4xx_flash.o
 .text.FLASH_Unlock
                0x00000000       0x40 ..\obj\stm32f4xx_flash.o
 .text.FLASH_Lock
                0x00000000       0x24 ..\obj\stm32f4xx_flash.o
 .text.FLASH_EraseSector
                0x00000000      0x110 ..\obj\stm32f4xx_flash.o
 .text.FLASH_EraseAllSectors
                0x00000000       0xd8 ..\obj\stm32f4xx_flash.o
 .text.FLASH_ProgramDoubleWord
                0x00000000       0x9c ..\obj\stm32f4xx_flash.o
 .text.FLASH_ProgramWord
                0x00000000       0x94 ..\obj\stm32f4xx_flash.o
 .text.FLASH_ProgramHalfWord
                0x00000000       0x98 ..\obj\stm32f4xx_flash.o
 .text.FLASH_ProgramByte
                0x00000000       0x94 ..\obj\stm32f4xx_flash.o
 .text.FLASH_OB_Unlock
                0x00000000       0x44 ..\obj\stm32f4xx_flash.o
 .text.FLASH_OB_Lock
                0x00000000       0x24 ..\obj\stm32f4xx_flash.o
 .text.FLASH_OB_WRPConfig
                0x00000000       0x6c ..\obj\stm32f4xx_flash.o
 .text.FLASH_OB_RDPConfig
                0x00000000       0x30 ..\obj\stm32f4xx_flash.o
 .text.FLASH_OB_UserConfig
                0x00000000       0x60 ..\obj\stm32f4xx_flash.o
 .text.FLASH_OB_BORConfig
                0x00000000       0x4c ..\obj\stm32f4xx_flash.o
 .text.FLASH_OB_Launch
                0x00000000       0x38 ..\obj\stm32f4xx_flash.o
 .text.FLASH_OB_GetUser
                0x00000000       0x1c ..\obj\stm32f4xx_flash.o
 .text.FLASH_OB_GetWRP
                0x00000000       0x1c ..\obj\stm32f4xx_flash.o
 .text.FLASH_OB_GetRDP
                0x00000000       0x34 ..\obj\stm32f4xx_flash.o
 .text.FLASH_OB_GetBOR
                0x00000000       0x20 ..\obj\stm32f4xx_flash.o
 .text.FLASH_ITConfig
                0x00000000       0x50 ..\obj\stm32f4xx_flash.o
 .text.FLASH_GetFlagStatus
                0x00000000       0x38 ..\obj\stm32f4xx_flash.o
 .text.FLASH_ClearFlag
                0x00000000       0x20 ..\obj\stm32f4xx_flash.o
 .text.FLASH_GetStatus
                0x00000000       0x7c ..\obj\stm32f4xx_flash.o
 .text.FLASH_WaitForLastOperation
                0x00000000       0x30 ..\obj\stm32f4xx_flash.o
 .debug_info    0x00000000      0x6e4 ..\obj\stm32f4xx_flash.o
 .debug_abbrev  0x00000000      0x1ae ..\obj\stm32f4xx_flash.o
 .debug_aranges
                0x00000000      0x108 ..\obj\stm32f4xx_flash.o
 .debug_ranges  0x00000000       0xf8 ..\obj\stm32f4xx_flash.o
 .debug_line    0x00000000      0x44d ..\obj\stm32f4xx_flash.o
 .debug_str     0x00000000      0x53b ..\obj\stm32f4xx_flash.o
 .comment       0x00000000       0x47 ..\obj\stm32f4xx_flash.o
 .ARM.attributes
                0x00000000       0x33 ..\obj\stm32f4xx_flash.o
 .debug_frame   0x00000000      0x360 ..\obj\stm32f4xx_flash.o
 .text          0x00000000        0x0 ..\obj\system_stm32f4xx.o
 .bss           0x00000000        0x0 ..\obj\system_stm32f4xx.o
 .text          0x00000000        0x0 ..\obj\syscalls.o
 .data          0x00000000        0x0 ..\obj\syscalls.o
 .bss           0x00000000        0x4 ..\obj\syscalls.o
 .text._sbrk    0x00000000       0x5c ..\obj\syscalls.o
 .text.link     0x00000000       0x1c ..\obj\syscalls.o
 .text._close   0x00000000       0x18 ..\obj\syscalls.o
 .text._fstat   0x00000000       0x20 ..\obj\syscalls.o
 .text._isatty  0x00000000       0x18 ..\obj\syscalls.o
 .text._lseek   0x00000000       0x1c ..\obj\syscalls.o
 .text._read    0x00000000       0x1c ..\obj\syscalls.o
 .text._write   0x00000000       0x1c ..\obj\syscalls.o
 .text.abort    0x00000000        0x8 ..\obj\syscalls.o
 .debug_info    0x00000000      0x3ee ..\obj\syscalls.o
 .debug_abbrev  0x00000000       0xe2 ..\obj\syscalls.o
 .debug_aranges
                0x00000000       0x60 ..\obj\syscalls.o
 .debug_ranges  0x00000000       0x50 ..\obj\syscalls.o
 .debug_line    0x00000000      0x186 ..\obj\syscalls.o
 .debug_str     0x00000000      0x2b2 ..\obj\syscalls.o
 .comment       0x00000000       0x47 ..\obj\syscalls.o
 .ARM.attributes
                0x00000000       0x33 ..\obj\syscalls.o
 .debug_frame   0x00000000      0x108 ..\obj\syscalls.o
 .text          0x00000000        0x0 ..\obj\stm32f4xx_dma.o
 .data          0x00000000        0x0 ..\obj\stm32f4xx_dma.o
 .bss           0x00000000        0x0 ..\obj\stm32f4xx_dma.o
 .text.DMA_DeInit
                0x00000000      0x22c ..\obj\stm32f4xx_dma.o
 .text.DMA_Init
                0x00000000       0xb0 ..\obj\stm32f4xx_dma.o
 .text.DMA_StructInit
                0x00000000       0x6c ..\obj\stm32f4xx_dma.o
 .text.DMA_Cmd  0x00000000       0x38 ..\obj\stm32f4xx_dma.o
 .text.DMA_PeriphIncOffsetSizeConfig
                0x00000000       0x34 ..\obj\stm32f4xx_dma.o
 .text.DMA_FlowControllerConfig
                0x00000000       0x34 ..\obj\stm32f4xx_dma.o
 .text.DMA_SetCurrDataCounter
                0x00000000       0x1c ..\obj\stm32f4xx_dma.o
 .text.DMA_GetCurrDataCounter
                0x00000000       0x1c ..\obj\stm32f4xx_dma.o
 .text.DMA_DoubleBufferModeConfig
                0x00000000       0x3c ..\obj\stm32f4xx_dma.o
 .text.DMA_DoubleBufferModeCmd
                0x00000000       0x38 ..\obj\stm32f4xx_dma.o
 .text.DMA_MemoryTargetConfig
                0x00000000       0x2c ..\obj\stm32f4xx_dma.o
 .text.DMA_GetCurrentMemoryTarget
                0x00000000       0x30 ..\obj\stm32f4xx_dma.o
 .text.DMA_GetCmdStatus
                0x00000000       0x30 ..\obj\stm32f4xx_dma.o
 .text.DMA_GetFIFOStatus
                0x00000000       0x24 ..\obj\stm32f4xx_dma.o
 .text.DMA_GetFlagStatus
                0x00000000       0x7c ..\obj\stm32f4xx_dma.o
 .text.DMA_ClearFlag
                0x00000000       0x60 ..\obj\stm32f4xx_dma.o
 .text.DMA_ITConfig
                0x00000000       0x74 ..\obj\stm32f4xx_dma.o
 .text.DMA_GetITStatus
                0x00000000       0xb4 ..\obj\stm32f4xx_dma.o
 .text.DMA_ClearITPendingBit
                0x00000000       0x60 ..\obj\stm32f4xx_dma.o
 .debug_info    0x00000000      0x718 ..\obj\stm32f4xx_dma.o
 .debug_abbrev  0x00000000      0x155 ..\obj\stm32f4xx_dma.o
 .debug_aranges
                0x00000000       0xb0 ..\obj\stm32f4xx_dma.o
 .debug_ranges  0x00000000       0xa0 ..\obj\stm32f4xx_dma.o
 .debug_line    0x00000000      0x39d ..\obj\stm32f4xx_dma.o
 .debug_str     0x00000000      0x500 ..\obj\stm32f4xx_dma.o
 .comment       0x00000000       0x47 ..\obj\stm32f4xx_dma.o
 .ARM.attributes
                0x00000000       0x33 ..\obj\stm32f4xx_dma.o
 .debug_frame   0x00000000      0x224 ..\obj\stm32f4xx_dma.o
 .text          0x00000000        0x0 ..\obj\stm32f4xx_i2c.o
 .data          0x00000000        0x0 ..\obj\stm32f4xx_i2c.o
 .bss           0x00000000        0x0 ..\obj\stm32f4xx_i2c.o
 .text.I2C_DeInit
                0x00000000       0x78 ..\obj\stm32f4xx_i2c.o
 .text.I2C_Init
                0x00000000      0x18c ..\obj\stm32f4xx_i2c.o
 .text.I2C_StructInit
                0x00000000       0x3c ..\obj\stm32f4xx_i2c.o
 .text.I2C_Cmd  0x00000000       0x40 ..\obj\stm32f4xx_i2c.o
 .text.I2C_GenerateSTART
                0x00000000       0x40 ..\obj\stm32f4xx_i2c.o
 .text.I2C_GenerateSTOP
                0x00000000       0x40 ..\obj\stm32f4xx_i2c.o
 .text.I2C_Send7bitAddress
                0x00000000       0x3c ..\obj\stm32f4xx_i2c.o
 .text.I2C_AcknowledgeConfig
                0x00000000       0x40 ..\obj\stm32f4xx_i2c.o
 .text.I2C_OwnAddress2Config
                0x00000000       0x40 ..\obj\stm32f4xx_i2c.o
 .text.I2C_DualAddressCmd
                0x00000000       0x40 ..\obj\stm32f4xx_i2c.o
 .text.I2C_GeneralCallCmd
                0x00000000       0x40 ..\obj\stm32f4xx_i2c.o
 .text.I2C_SoftwareResetCmd
                0x00000000       0x44 ..\obj\stm32f4xx_i2c.o
 .text.I2C_StretchClockCmd
                0x00000000       0x40 ..\obj\stm32f4xx_i2c.o
 .text.I2C_FastModeDutyCycleConfig
                0x00000000       0x40 ..\obj\stm32f4xx_i2c.o
 .text.I2C_NACKPositionConfig
                0x00000000       0x40 ..\obj\stm32f4xx_i2c.o
 .text.I2C_SMBusAlertConfig
                0x00000000       0x40 ..\obj\stm32f4xx_i2c.o
 .text.I2C_ARPCmd
                0x00000000       0x40 ..\obj\stm32f4xx_i2c.o
 .text.I2C_SendData
                0x00000000       0x20 ..\obj\stm32f4xx_i2c.o
 .text.I2C_ReceiveData
                0x00000000       0x1c ..\obj\stm32f4xx_i2c.o
 .text.I2C_TransmitPEC
                0x00000000       0x40 ..\obj\stm32f4xx_i2c.o
 .text.I2C_PECPositionConfig
                0x00000000       0x40 ..\obj\stm32f4xx_i2c.o
 .text.I2C_CalculatePEC
                0x00000000       0x40 ..\obj\stm32f4xx_i2c.o
 .text.I2C_GetPEC
                0x00000000       0x20 ..\obj\stm32f4xx_i2c.o
 .text.I2C_DMACmd
                0x00000000       0x40 ..\obj\stm32f4xx_i2c.o
 .text.I2C_DMALastTransferCmd
                0x00000000       0x40 ..\obj\stm32f4xx_i2c.o
 .text.I2C_ReadRegister
                0x00000000       0x30 ..\obj\stm32f4xx_i2c.o
 .text.I2C_ITConfig
                0x00000000       0x48 ..\obj\stm32f4xx_i2c.o
 .text.I2C_CheckEvent
                0x00000000       0x60 ..\obj\stm32f4xx_i2c.o
 .text.I2C_GetLastEvent
                0x00000000       0x44 ..\obj\stm32f4xx_i2c.o
 .text.I2C_GetFlagStatus
                0x00000000       0x68 ..\obj\stm32f4xx_i2c.o
 .text.I2C_ClearFlag
                0x00000000       0x2c ..\obj\stm32f4xx_i2c.o
 .text.I2C_GetITStatus
                0x00000000       0x5c ..\obj\stm32f4xx_i2c.o
 .text.I2C_ClearITPendingBit
                0x00000000       0x2c ..\obj\stm32f4xx_i2c.o
 .debug_info    0x00000000      0xac8 ..\obj\stm32f4xx_i2c.o
 .debug_abbrev  0x00000000      0x164 ..\obj\stm32f4xx_i2c.o
 .debug_aranges
                0x00000000      0x120 ..\obj\stm32f4xx_i2c.o
 .debug_ranges  0x00000000      0x110 ..\obj\stm32f4xx_i2c.o
 .debug_line    0x00000000      0x49d ..\obj\stm32f4xx_i2c.o
 .debug_str     0x00000000      0x619 ..\obj\stm32f4xx_i2c.o
 .comment       0x00000000       0x47 ..\obj\stm32f4xx_i2c.o
 .ARM.attributes
                0x00000000       0x33 ..\obj\stm32f4xx_i2c.o
 .debug_frame   0x00000000      0x3b4 ..\obj\stm32f4xx_i2c.o
 .text          0x00000000        0x0 ..\obj\stm32f4xx_exti.o
 .data          0x00000000        0x0 ..\obj\stm32f4xx_exti.o
 .bss           0x00000000        0x0 ..\obj\stm32f4xx_exti.o
 .text.EXTI_DeInit
                0x00000000       0x50 ..\obj\stm32f4xx_exti.o
 .text.EXTI_Init
                0x00000000      0x12c ..\obj\stm32f4xx_exti.o
 .text.EXTI_StructInit
                0x00000000       0x2c ..\obj\stm32f4xx_exti.o
 .text.EXTI_GenerateSWInterrupt
                0x00000000       0x2c ..\obj\stm32f4xx_exti.o
 .text.EXTI_GetFlagStatus
                0x00000000       0x38 ..\obj\stm32f4xx_exti.o
 .text.EXTI_ClearFlag
                0x00000000       0x20 ..\obj\stm32f4xx_exti.o
 .text.EXTI_GetITStatus
                0x00000000       0x50 ..\obj\stm32f4xx_exti.o
 .text.EXTI_ClearITPendingBit
                0x00000000       0x20 ..\obj\stm32f4xx_exti.o
 .debug_info    0x00000000      0x331 ..\obj\stm32f4xx_exti.o
 .debug_abbrev  0x00000000      0x1a5 ..\obj\stm32f4xx_exti.o
 .debug_aranges
                0x00000000       0x58 ..\obj\stm32f4xx_exti.o
 .debug_ranges  0x00000000       0x48 ..\obj\stm32f4xx_exti.o
 .debug_line    0x00000000      0x266 ..\obj\stm32f4xx_exti.o
 .debug_str     0x00000000      0x322 ..\obj\stm32f4xx_exti.o
 .comment       0x00000000       0x47 ..\obj\stm32f4xx_exti.o
 .ARM.attributes
                0x00000000       0x33 ..\obj\stm32f4xx_exti.o
 .debug_frame   0x00000000       0xec ..\obj\stm32f4xx_exti.o
 .text          0x00000000        0x0 ..\obj\misc.o
 .data          0x00000000        0x0 ..\obj\misc.o
 .bss           0x00000000        0x0 ..\obj\misc.o
 .text.NVIC_PriorityGroupConfig
                0x00000000       0x28 ..\obj\misc.o
 .text.NVIC_Init
                0x00000000       0xcc ..\obj\misc.o
 .text.NVIC_SetVectorTable
                0x00000000       0x2c ..\obj\misc.o
 .text.NVIC_SystemLPConfig
                0x00000000       0x54 ..\obj\misc.o
 .text.SysTick_CLKSourceConfig
                0x00000000       0x4c ..\obj\misc.o
 .debug_info    0x00000000      0x51c ..\obj\misc.o
 .debug_abbrev  0x00000000      0x145 ..\obj\misc.o
 .debug_aranges
                0x00000000       0x40 ..\obj\misc.o
 .debug_ranges  0x00000000       0x30 ..\obj\misc.o
 .debug_line    0x00000000      0x206 ..\obj\misc.o
 .debug_str     0x00000000      0x38d ..\obj\misc.o
 .comment       0x00000000       0x47 ..\obj\misc.o
 .ARM.attributes
                0x00000000       0x33 ..\obj\misc.o
 .debug_frame   0x00000000       0x9c ..\obj\misc.o
 .text          0x00000000        0x0 ..\obj\stm32f4xx_tim.o
 .data          0x00000000        0x0 ..\obj\stm32f4xx_tim.o
 .bss           0x00000000        0x0 ..\obj\stm32f4xx_tim.o
 .text.TIM_DeInit
                0x00000000      0x1d4 ..\obj\stm32f4xx_tim.o
 .text.TIM_TimeBaseStructInit
                0x00000000       0x34 ..\obj\stm32f4xx_tim.o
 .text.TIM_PrescalerConfig
                0x00000000       0x28 ..\obj\stm32f4xx_tim.o
 .text.TIM_CounterModeConfig
                0x00000000       0x38 ..\obj\stm32f4xx_tim.o
 .text.TIM_SetCounter
                0x00000000       0x1c ..\obj\stm32f4xx_tim.o
 .text.TIM_SetAutoreload
                0x00000000       0x1c ..\obj\stm32f4xx_tim.o
 .text.TIM_GetCounter
                0x00000000       0x18 ..\obj\stm32f4xx_tim.o
 .text.TIM_GetPrescaler
                0x00000000       0x1c ..\obj\stm32f4xx_tim.o
 .text.TIM_UpdateDisableConfig
                0x00000000       0x40 ..\obj\stm32f4xx_tim.o
 .text.TIM_UpdateRequestConfig
                0x00000000       0x40 ..\obj\stm32f4xx_tim.o
 .text.TIM_ARRPreloadConfig
                0x00000000       0x40 ..\obj\stm32f4xx_tim.o
 .text.TIM_SelectOnePulseMode
                0x00000000       0x38 ..\obj\stm32f4xx_tim.o
 .text.TIM_SetClockDivision
                0x00000000       0x38 ..\obj\stm32f4xx_tim.o
 .text.TIM_OCStructInit
                0x00000000       0x44 ..\obj\stm32f4xx_tim.o
 .text.TIM_SelectOCxM
                0x00000000       0xac ..\obj\stm32f4xx_tim.o
 .text.TIM_SetCompare1
                0x00000000       0x1c ..\obj\stm32f4xx_tim.o
 .text.TIM_SetCompare2
                0x00000000       0x1c ..\obj\stm32f4xx_tim.o
 .text.TIM_SetCompare3
                0x00000000       0x1c ..\obj\stm32f4xx_tim.o
 .text.TIM_SetCompare4
                0x00000000       0x1c ..\obj\stm32f4xx_tim.o
 .text.TIM_ForcedOC1Config
                0x00000000       0x38 ..\obj\stm32f4xx_tim.o
 .text.TIM_ForcedOC2Config
                0x00000000       0x3c ..\obj\stm32f4xx_tim.o
 .text.TIM_ForcedOC3Config
                0x00000000       0x38 ..\obj\stm32f4xx_tim.o
 .text.TIM_ForcedOC4Config
                0x00000000       0x3c ..\obj\stm32f4xx_tim.o
 .text.TIM_OC1FastConfig
                0x00000000       0x38 ..\obj\stm32f4xx_tim.o
 .text.TIM_OC2FastConfig
                0x00000000       0x3c ..\obj\stm32f4xx_tim.o
 .text.TIM_OC3FastConfig
                0x00000000       0x38 ..\obj\stm32f4xx_tim.o
 .text.TIM_OC4FastConfig
                0x00000000       0x3c ..\obj\stm32f4xx_tim.o
 .text.TIM_ClearOC1Ref
                0x00000000       0x38 ..\obj\stm32f4xx_tim.o
 .text.TIM_ClearOC2Ref
                0x00000000       0x3c ..\obj\stm32f4xx_tim.o
 .text.TIM_ClearOC3Ref
                0x00000000       0x38 ..\obj\stm32f4xx_tim.o
 .text.TIM_ClearOC4Ref
                0x00000000       0x3c ..\obj\stm32f4xx_tim.o
 .text.TIM_OC1PolarityConfig
                0x00000000       0x38 ..\obj\stm32f4xx_tim.o
 .text.TIM_OC1NPolarityConfig
                0x00000000       0x38 ..\obj\stm32f4xx_tim.o
 .text.TIM_OC2PolarityConfig
                0x00000000       0x3c ..\obj\stm32f4xx_tim.o
 .text.TIM_OC2NPolarityConfig
                0x00000000       0x3c ..\obj\stm32f4xx_tim.o
 .text.TIM_OC3PolarityConfig
                0x00000000       0x3c ..\obj\stm32f4xx_tim.o
 .text.TIM_OC3NPolarityConfig
                0x00000000       0x3c ..\obj\stm32f4xx_tim.o
 .text.TIM_OC4PolarityConfig
                0x00000000       0x3c ..\obj\stm32f4xx_tim.o
 .text.TIM_CCxCmd
                0x00000000       0x54 ..\obj\stm32f4xx_tim.o
 .text.TIM_CCxNCmd
                0x00000000       0x54 ..\obj\stm32f4xx_tim.o
 .text.TIM_ICInit
                0x00000000       0xa8 ..\obj\stm32f4xx_tim.o
 .text.TIM_ICStructInit
                0x00000000       0x30 ..\obj\stm32f4xx_tim.o
 .text.TIM_PWMIConfig
                0x00000000       0xb8 ..\obj\stm32f4xx_tim.o
 .text.TIM_GetCapture1
                0x00000000       0x18 ..\obj\stm32f4xx_tim.o
 .text.TIM_GetCapture2
                0x00000000       0x18 ..\obj\stm32f4xx_tim.o
 .text.TIM_GetCapture3
                0x00000000       0x18 ..\obj\stm32f4xx_tim.o
 .text.TIM_GetCapture4
                0x00000000       0x18 ..\obj\stm32f4xx_tim.o
 .text.TIM_SetIC1Prescaler
                0x00000000       0x38 ..\obj\stm32f4xx_tim.o
 .text.TIM_SetIC2Prescaler
                0x00000000       0x3c ..\obj\stm32f4xx_tim.o
 .text.TIM_SetIC3Prescaler
                0x00000000       0x38 ..\obj\stm32f4xx_tim.o
 .text.TIM_SetIC4Prescaler
                0x00000000       0x3c ..\obj\stm32f4xx_tim.o
 .text.TIM_BDTRConfig
                0x00000000       0x50 ..\obj\stm32f4xx_tim.o
 .text.TIM_BDTRStructInit
                0x00000000       0x3c ..\obj\stm32f4xx_tim.o
 .text.TIM_CtrlPWMOutputs
                0x00000000       0x4c ..\obj\stm32f4xx_tim.o
 .text.TIM_SelectCOM
                0x00000000       0x40 ..\obj\stm32f4xx_tim.o
 .text.TIM_CCPreloadControl
                0x00000000       0x40 ..\obj\stm32f4xx_tim.o
 .text.TIM_ITConfig
                0x00000000       0x48 ..\obj\stm32f4xx_tim.o
 .text.TIM_GenerateEvent
                0x00000000       0x1c ..\obj\stm32f4xx_tim.o
 .text.TIM_GetFlagStatus
                0x00000000       0x38 ..\obj\stm32f4xx_tim.o
 .text.TIM_ClearFlag
                0x00000000       0x20 ..\obj\stm32f4xx_tim.o
 .text.TIM_GetITStatus
                0x00000000       0x54 ..\obj\stm32f4xx_tim.o
 .text.TIM_ClearITPendingBit
                0x00000000       0x20 ..\obj\stm32f4xx_tim.o
 .text.TIM_DMAConfig
                0x00000000       0x28 ..\obj\stm32f4xx_tim.o
 .text.TIM_DMACmd
                0x00000000       0x48 ..\obj\stm32f4xx_tim.o
 .text.TIM_SelectCCDMA
                0x00000000       0x40 ..\obj\stm32f4xx_tim.o
 .text.TIM_InternalClockConfig
                0x00000000       0x24 ..\obj\stm32f4xx_tim.o
 .text.TIM_ITRxExternalClockConfig
                0x00000000       0x2c ..\obj\stm32f4xx_tim.o
 .text.TIM_TIxExternalClockConfig
                0x00000000       0x54 ..\obj\stm32f4xx_tim.o
 .text.TIM_ETRClockMode1Config
                0x00000000       0x50 ..\obj\stm32f4xx_tim.o
 .text.TIM_ETRClockMode2Config
                0x00000000       0x30 ..\obj\stm32f4xx_tim.o
 .text.TIM_SelectInputTrigger
                0x00000000       0x38 ..\obj\stm32f4xx_tim.o
 .text.TIM_SelectOutputTrigger
                0x00000000       0x38 ..\obj\stm32f4xx_tim.o
 .text.TIM_SelectSlaveMode
                0x00000000       0x38 ..\obj\stm32f4xx_tim.o
 .text.TIM_SelectMasterSlaveMode
                0x00000000       0x38 ..\obj\stm32f4xx_tim.o
 .text.TIM_ETRConfig
                0x00000000       0x48 ..\obj\stm32f4xx_tim.o
 .text.TIM_EncoderInterfaceConfig
                0x00000000       0x8c ..\obj\stm32f4xx_tim.o
 .text.TIM_SelectHallSensor
                0x00000000       0x40 ..\obj\stm32f4xx_tim.o
 .text.TIM_RemapConfig
                0x00000000       0x20 ..\obj\stm32f4xx_tim.o
 .text.TI1_Config
                0x00000000       0x78 ..\obj\stm32f4xx_tim.o
 .text.TI2_Config
                0x00000000       0x8c ..\obj\stm32f4xx_tim.o
 .text.TI3_Config
                0x00000000       0x84 ..\obj\stm32f4xx_tim.o
 .text.TI4_Config
                0x00000000       0x90 ..\obj\stm32f4xx_tim.o
 .data          0x00000000        0x0 c:/users/äxéj/mentorgraphics/sourcery_codebench_lite_for_arm_eabi/bin/../lib/gcc/arm-none-eabi/4.8.3/thumb2\libgcc.a(_arm_addsubdf3.o)
 .bss           0x00000000        0x0 c:/users/äxéj/mentorgraphics/sourcery_codebench_lite_for_arm_eabi/bin/../lib/gcc/arm-none-eabi/4.8.3/thumb2\libgcc.a(_arm_addsubdf3.o)
 .data          0x00000000        0x0 c:/users/äxéj/mentorgraphics/sourcery_codebench_lite_for_arm_eabi/bin/../lib/gcc/arm-none-eabi/4.8.3/thumb2\libgcc.a(_arm_truncdfsf2.o)
 .bss           0x00000000        0x0 c:/users/äxéj/mentorgraphics/sourcery_codebench_lite_for_arm_eabi/bin/../lib/gcc/arm-none-eabi/4.8.3/thumb2\libgcc.a(_arm_truncdfsf2.o)
 .data          0x00000000        0x0 c:/users/äxéj/mentorgraphics/sourcery_codebench_lite_for_arm_eabi/bin/../lib/gcc/arm-none-eabi/4.8.3/thumb2\libgcc.a(_arm_addsubsf3.o)
 .bss           0x00000000        0x0 c:/users/äxéj/mentorgraphics/sourcery_codebench_lite_for_arm_eabi/bin/../lib/gcc/arm-none-eabi/4.8.3/thumb2\libgcc.a(_arm_addsubsf3.o)
 .data          0x00000000        0x0 c:/users/äxéj/mentorgraphics/sourcery_codebench_lite_for_arm_eabi/bin/../lib/gcc/arm-none-eabi/4.8.3/thumb2\libgcc.a(_arm_muldivsf3.o)
 .bss           0x00000000        0x0 c:/users/äxéj/mentorgraphics/sourcery_codebench_lite_for_arm_eabi/bin/../lib/gcc/arm-none-eabi/4.8.3/thumb2\libgcc.a(_arm_muldivsf3.o)
 .data          0x00000000        0x0 c:/users/äxéj/mentorgraphics/sourcery_codebench_lite_for_arm_eabi/bin/../lib/gcc/arm-none-eabi/4.8.3/thumb2\libgcc.a(_arm_cmpsf2.o)
 .bss           0x00000000        0x0 c:/users/äxéj/mentorgraphics/sourcery_codebench_lite_for_arm_eabi/bin/../lib/gcc/arm-none-eabi/4.8.3/thumb2\libgcc.a(_arm_cmpsf2.o)
 .data          0x00000000        0x0 c:/users/äxéj/mentorgraphics/sourcery_codebench_lite_for_arm_eabi/bin/../lib/gcc/arm-none-eabi/4.8.3/thumb2\libgcc.a(_arm_fixunssfsi.o)
 .bss           0x00000000        0x0 c:/users/äxéj/mentorgraphics/sourcery_codebench_lite_for_arm_eabi/bin/../lib/gcc/arm-none-eabi/4.8.3/thumb2\libgcc.a(_arm_fixunssfsi.o)

Memory Configuration

Name             Origin             Length             Attributes
rom              0x08000000         0x00100000         xr
ram              0x20000000         0x00020000         xrw
ram1             0x10000000         0x00010000         xrw
*default*        0x00000000         0xffffffff

Linker script and memory map

                0x20020000                _eram = 0x20020000

.text           0x08000000     0x20b0
 *(.isr_vector)
 .isr_vector    0x08000000      0x188 ..\obj\startup_stm32f4xx.o
                0x08000000                g_pfnVectors
 *(.text*)
 .text.Init_GPIOs
                0x08000188      0x1f0 ..\obj\init_GPIOs.o
                0x08000188                Init_GPIOs
 .text.RCC_Configuration
                0x08000378       0x24 ..\obj\init_GPIOs.o
                0x08000378                RCC_Configuration
 .text.Default_Reset_Handler
                0x0800039c       0x60 ..\obj\startup_stm32f4xx.o
                0x0800039c                Default_Reset_Handler
                0x0800039c                Reset_Handler
 .text.Default_Handler
                0x080003fc        0x8 ..\obj\startup_stm32f4xx.o
                0x080003fc                RTC_Alarm_IRQHandler
                0x080003fc                HASH_RNG_IRQHandler
                0x080003fc                EXTI2_IRQHandler
                0x080003fc                TIM8_CC_IRQHandler
                0x080003fc                DebugMon_Handler
                0x080003fc                TIM1_CC_IRQHandler
                0x080003fc                DMA2_Stream5_IRQHandler
                0x080003fc                HardFault_Handler
                0x080003fc                DMA1_Stream5_IRQHandler
                0x080003fc                PVD_IRQHandler
                0x080003fc                SDIO_IRQHandler
                0x080003fc                TAMP_STAMP_IRQHandler
                0x080003fc                PendSV_Handler
                0x080003fc                NMI_Handler
                0x080003fc                CAN2_RX1_IRQHandler
                0x080003fc                EXTI3_IRQHandler
                0x080003fc                TIM8_TRG_COM_TIM14_IRQHandler
                0x080003fc                TIM1_UP_TIM10_IRQHandler
                0x080003fc                TIM8_UP_TIM13_IRQHandler
                0x080003fc                I2C3_ER_IRQHandler
                0x080003fc                EXTI0_IRQHandler
                0x080003fc                I2C2_EV_IRQHandler
                0x080003fc                DMA1_Stream2_IRQHandler
                0x080003fc                CAN1_RX0_IRQHandler
                0x080003fc                FPU_IRQHandler
                0x080003fc                OTG_HS_WKUP_IRQHandler
                0x080003fc                UsageFault_Handler
                0x080003fc                CAN2_SCE_IRQHandler
                0x080003fc                DMA2_Stream2_IRQHandler
                0x080003fc                SPI1_IRQHandler
                0x080003fc                TIM6_DAC_IRQHandler
                0x080003fc                TIM1_BRK_TIM9_IRQHandler
                0x080003fc                DCMI_IRQHandler
                0x080003fc                CAN2_RX0_IRQHandler
                0x080003fc                DMA2_Stream3_IRQHandler
                0x080003fc                USART6_IRQHandler
                0x080003fc                USART3_IRQHandler
                0x080003fc                CRYP_IRQHandler
                0x080003fc                CAN1_RX1_IRQHandler
                0x080003fc                UART5_IRQHandler
                0x080003fc                DMA2_Stream0_IRQHandler
                0x080003fc                TIM4_IRQHandler
                0x080003fc                I2C1_EV_IRQHandler
                0x080003fc                DMA1_Stream6_IRQHandler
                0x080003fc                DMA1_Stream1_IRQHandler
                0x080003fc                UART4_IRQHandler
                0x080003fc                TIM3_IRQHandler
                0x080003fc                RCC_IRQHandler
                0x080003fc                TIM8_BRK_TIM12_IRQHandler
                0x080003fc                EXTI15_10_IRQHandler
                0x080003fc                ADC_IRQHandler
                0x080003fc                DMA1_Stream7_IRQHandler
                0x080003fc                TIM7_IRQHandler
                0x080003fc                CAN2_TX_IRQHandler
                0x080003fc                TIM5_IRQHandler
                0x080003fc                DMA2_Stream7_IRQHandler
                0x080003fc                I2C3_EV_IRQHandler
                0x080003fc                EXTI9_5_IRQHandler
                0x080003fc                RTC_WKUP_IRQHandler
                0x080003fc                ETH_WKUP_IRQHandler
                0x080003fc                SPI2_IRQHandler
                0x080003fc                OTG_HS_EP1_IN_IRQHandler
                0x080003fc                MemManage_Handler
                0x080003fc                DMA1_Stream0_IRQHandler
                0x080003fc                CAN1_TX_IRQHandler
                0x080003fc                SVC_Handler
                0x080003fc                EXTI4_IRQHandler
                0x080003fc                FSMC_IRQHandler
                0x080003fc                ETH_IRQHandler
                0x080003fc                OTG_HS_EP1_OUT_IRQHandler
                0x080003fc                WWDG_IRQHandler
                0x080003fc                TIM2_IRQHandler
                0x080003fc                OTG_FS_WKUP_IRQHandler
                0x080003fc                TIM1_TRG_COM_TIM11_IRQHandler
                0x080003fc                OTG_HS_IRQHandler
                0x080003fc                EXTI1_IRQHandler
                0x080003fc                USART2_IRQHandler
                0x080003fc                I2C2_ER_IRQHandler
                0x080003fc                DMA2_Stream1_IRQHandler
                0x080003fc                CAN1_SCE_IRQHandler
                0x080003fc                FLASH_IRQHandler
                0x080003fc                DMA2_Stream4_IRQHandler
                0x080003fc                BusFault_Handler
                0x080003fc                USART1_IRQHandler
                0x080003fc                OTG_FS_IRQHandler
                0x080003fc                SPI3_IRQHandler
                0x080003fc                DMA1_Stream4_IRQHandler
                0x080003fc                I2C1_ER_IRQHandler
                0x080003fc                DMA2_Stream6_IRQHandler
                0x080003fc                DMA1_Stream3_IRQHandler
 .text.NVIC_SetPriority
                0x08000404       0x58 ..\obj\main.o
 .text.SysTick_Config
                0x0800045c       0x54 ..\obj\main.o
 .text.SysTick_Handler
                0x080004b0       0x48 ..\obj\main.o
                0x080004b0                SysTick_Handler
 .text.init_systick
                0x080004f8       0x3c ..\obj\main.o
                0x080004f8                init_systick
 .text.myDelay  0x08000534       0x2c ..\obj\main.o
                0x08000534                myDelay
 .text.Limit_ul
                0x08000560       0x3c ..\obj\main.o
                0x08000560                Limit_ul
 .text.main     0x0800059c      0x1a8 ..\obj\main.o
                0x0800059c                main
 .text.TM_TIMER_Init
                0x08000744       0x84 ..\obj\main.o
                0x08000744                TM_TIMER_Init
 .text.TM_PWM   0x080007c8      0x234 ..\obj\main.o
                0x080007c8                TM_PWM
 .text.RCC_AHB1PeriphClockCmd
                0x080009fc       0x50 ..\obj\stm32f4xx_rcc.o
                0x080009fc                RCC_AHB1PeriphClockCmd
 .text.RCC_APB1PeriphClockCmd
                0x08000a4c       0x50 ..\obj\stm32f4xx_rcc.o
                0x08000a4c                RCC_APB1PeriphClockCmd
 .text.RCC_APB2PeriphClockCmd
                0x08000a9c       0x50 ..\obj\stm32f4xx_rcc.o
                0x08000a9c                RCC_APB2PeriphClockCmd
 .text.GPIO_Init
                0x08000aec      0x11c ..\obj\stm32f4xx_gpio.o
                0x08000aec                GPIO_Init
 .text.GPIO_StructInit
                0x08000c08       0x34 ..\obj\stm32f4xx_gpio.o
                0x08000c08                GPIO_StructInit
 .text.GPIO_ReadInputDataBit
                0x08000c3c       0x34 ..\obj\stm32f4xx_gpio.o
                0x08000c3c                GPIO_ReadInputDataBit
 .text.GPIO_SetBits
                0x08000c70       0x1c ..\obj\stm32f4xx_gpio.o
                0x08000c70                GPIO_SetBits
 .text.GPIO_ResetBits
                0x08000c8c       0x1c ..\obj\stm32f4xx_gpio.o
                0x08000c8c                GPIO_ResetBits
 .text.GPIO_WriteBit
                0x08000ca8       0x30 ..\obj\stm32f4xx_gpio.o
                0x08000ca8                GPIO_WriteBit
 .text.GPIO_PinAFConfig
                0x08000cd8       0x8c ..\obj\stm32f4xx_gpio.o
                0x08000cd8                GPIO_PinAFConfig
 .text.SystemInit
                0x08000d64       0x90 ..\obj\system_stm32f4xx.o
                0x08000d64                SystemInit
 .text.SystemCoreClockUpdate
                0x08000df4      0x154 ..\obj\system_stm32f4xx.o
                0x08000df4                SystemCoreClockUpdate
 .text.SetSysClock
                0x08000f48      0x17c ..\obj\system_stm32f4xx.o
 .text.TIM_TimeBaseInit
                0x080010c4       0xec ..\obj\stm32f4xx_tim.o
                0x080010c4                TIM_TimeBaseInit
 .text.TIM_Cmd  0x080011b0       0x40 ..\obj\stm32f4xx_tim.o
                0x080011b0                TIM_Cmd
 .text.TIM_OC1Init
                0x080011f0       0xf4 ..\obj\stm32f4xx_tim.o
                0x080011f0                TIM_OC1Init
 .text.TIM_OC2Init
                0x080012e4      0x110 ..\obj\stm32f4xx_tim.o
                0x080012e4                TIM_OC2Init
 .text.TIM_OC3Init
                0x080013f4      0x10c ..\obj\stm32f4xx_tim.o
                0x080013f4                TIM_OC3Init
 .text.TIM_OC4Init
                0x08001500       0xd0 ..\obj\stm32f4xx_tim.o
                0x08001500                TIM_OC4Init
 .text.TIM_OC1PreloadConfig
                0x080015d0       0x38 ..\obj\stm32f4xx_tim.o
                0x080015d0                TIM_OC1PreloadConfig
 .text.TIM_OC2PreloadConfig
                0x08001608       0x3c ..\obj\stm32f4xx_tim.o
                0x08001608                TIM_OC2PreloadConfig
 .text.TIM_OC3PreloadConfig
                0x08001644       0x38 ..\obj\stm32f4xx_tim.o
                0x08001644                TIM_OC3PreloadConfig
 .text.TIM_OC4PreloadConfig
                0x0800167c       0x3c ..\obj\stm32f4xx_tim.o
                0x0800167c                TIM_OC4PreloadConfig
 .text          0x080016b8      0x370 c:/users/äxéj/mentorgraphics/sourcery_codebench_lite_for_arm_eabi/bin/../lib/gcc/arm-none-eabi/4.8.3/thumb2\libgcc.a(_arm_addsubdf3.o)
                0x080016b8                __aeabi_drsub
                0x080016c0                __aeabi_dsub
                0x080016c0                __subdf3
                0x080016c4                __aeabi_dadd
                0x080016c4                __adddf3
                0x0800193c                __floatunsidf
                0x0800193c                __aeabi_ui2d
                0x0800195c                __floatsidf
                0x0800195c                __aeabi_i2d
                0x08001980                __aeabi_f2d
                0x08001980                __extendsfdf2
                0x080019bc                __floatundidf
                0x080019bc                __aeabi_ul2d
                0x080019cc                __floatdidf
                0x080019cc                __aeabi_l2d
 .text          0x08001a28       0xa0 c:/users/äxéj/mentorgraphics/sourcery_codebench_lite_for_arm_eabi/bin/../lib/gcc/arm-none-eabi/4.8.3/thumb2\libgcc.a(_arm_truncdfsf2.o)
                0x08001a28                __truncdfsf2
                0x08001a28                __aeabi_d2f
 .text          0x08001ac8      0x21c c:/users/äxéj/mentorgraphics/sourcery_codebench_lite_for_arm_eabi/bin/../lib/gcc/arm-none-eabi/4.8.3/thumb2\libgcc.a(_arm_addsubsf3.o)
                0x08001ac8                __aeabi_frsub
                0x08001ad0                __subsf3
                0x08001ad0                __aeabi_fsub
                0x08001ad4                __aeabi_fadd
                0x08001ad4                __addsf3
                0x08001c34                __aeabi_ui2f
                0x08001c34                __floatunsisf
                0x08001c3c                __aeabi_i2f
                0x08001c3c                __floatsisf
                0x08001c58                __aeabi_ul2f
                0x08001c58                __floatundisf
                0x08001c68                __aeabi_l2f
                0x08001c68                __floatdisf
 .text          0x08001ce4      0x2a0 c:/users/äxéj/mentorgraphics/sourcery_codebench_lite_for_arm_eabi/bin/../lib/gcc/arm-none-eabi/4.8.3/thumb2\libgcc.a(_arm_muldivsf3.o)
                0x08001ce4                __mulsf3
                0x08001ce4                __aeabi_fmul
                0x08001e4c                __aeabi_fdiv
                0x08001e4c                __divsf3
 .text          0x08001f84       0xec c:/users/äxéj/mentorgraphics/sourcery_codebench_lite_for_arm_eabi/bin/../lib/gcc/arm-none-eabi/4.8.3/thumb2\libgcc.a(_arm_cmpsf2.o)
                0x08001f84                __gesf2
                0x08001f84                __gtsf2
                0x08001f8c                __lesf2
                0x08001f8c                __ltsf2
                0x08001f94                __nesf2
                0x08001f94                __eqsf2
                0x08001f94                __cmpsf2
                0x08001ff4                __aeabi_cfrcmple
                0x08001ffc                __aeabi_cfcmpeq
                0x08001ffc                __aeabi_cfcmple
                0x0800200c                __aeabi_fcmpeq
                0x08002020                __aeabi_fcmplt
                0x08002034                __aeabi_fcmple
                0x08002048                __aeabi_fcmpge
                0x0800205c                __aeabi_fcmpgt
 .text          0x08002070       0x40 c:/users/äxéj/mentorgraphics/sourcery_codebench_lite_for_arm_eabi/bin/../lib/gcc/arm-none-eabi/4.8.3/thumb2\libgcc.a(_arm_fixunssfsi.o)
                0x08002070                __fixunssfsi
                0x08002070                __aeabi_f2uiz
 *(.init)
 *(.fini)
 *crtbegin.o(.ctors)
 *crtbegin?.o(.ctors)
 *(EXCLUDE_FILE(*crtend.o *crtend?.o) .ctors)
 *(SORT(.ctors.*))
 *(.ctors)
 *crtbegin.o(.dtors)
 *crtbegin?.o(.dtors)
 *(EXCLUDE_FILE(*crtend.o *crtend?.o) .dtors)
 *(SORT(.dtors.*))
 *(.dtors)
 *(.rodata*)
 *(.eh_fram e*)

.glue_7         0x080020b0        0x0
 .glue_7        0x00000000        0x0 linker stubs

.glue_7t        0x080020b0        0x0
 .glue_7t       0x00000000        0x0 linker stubs

.vfp11_veneer   0x080020b0        0x0
 .vfp11_veneer  0x00000000        0x0 linker stubs

.v4_bx          0x080020b0        0x0
 .v4_bx         0x00000000        0x0 linker stubs

.iplt           0x080020b0        0x0
 .iplt          0x00000000        0x0 ..\obj\stm32f4xx_syscfg.o

.rel.dyn        0x080020b0        0x0
 .rel.iplt      0x00000000        0x0 ..\obj\stm32f4xx_syscfg.o

.ARM.extab
 *(.ARM.extab* .gnu.linkonce.armextab.*)
                0x080020b0                __exidx_start = .

.ARM.exidx
 *(.ARM.exidx* .gnu.linkonce.armexidx.*)
                0x080020b0                __exidx_end = .
                0x080020b0                __etext = .
                0x080020b0                _sidata = __etext

.data           0x20000000       0x14 load address 0x080020b0
                0x20000000                __data_start__ = .
                0x20000000                _sdata = __data_start__
 *(vtable)
 *(.data*)
 .data          0x20000000       0x14 ..\obj\system_stm32f4xx.o
                0x20000000                SystemCoreClock
                0x20000004                AHBPrescTable
                0x20000014                . = ALIGN (0x4)
                0x20000014                PROVIDE (__preinit_array_start, .)
 *(.preinit_array)
                0x20000014                PROVIDE (__preinit_array_end, .)
                0x20000014                . = ALIGN (0x4)
                0x20000014                PROVIDE (__init_array_start, .)
 *(SORT(.init_array.*))
 *(.init_array)
                0x20000014                PROVIDE (__init_array_end, .)
                0x20000014                . = ALIGN (0x4)
                0x20000014                PROVIDE (__fini_array_start, .)
 *(SORT(.fini_array.*))
 *(.fini_array)
                0x20000014                PROVIDE (__fini_array_end, .)
 *(.jcr*)
                0x20000014                . = ALIGN (0x4)
                0x20000014                __data_end__ = .
                0x20000014                _edata = __data_end__

.igot.plt       0x20000014        0x0 load address 0x080020c4
 .igot.plt      0x00000000        0x0 ..\obj\stm32f4xx_syscfg.o

.bss            0x20000014        0x4 load address 0x080020c4
                0x20000014                . = ALIGN (0x4)
                0x20000014                __bss_start__ = .
                0x20000014                _sbss = __bss_start__
 *(.bss*)
 .bss           0x20000014        0x4 ..\obj\main.o
                0x20000014                g_timer_count
 *(COMMON)
                0x20000018                . = ALIGN (0x4)
                0x20000018                __bss_end__ = .
                0x20000018                _ebss = __bss_end__

.heap           0x20000018        0x0
                0x20000018                __end__ = .
                0x20000018                _end = __end__
                0x20000018                end = __end__
 *(.heap*)
                0x20000018                __HeapLimit = .

.co_stack       0x20000018      0x800 load address 0x080020c8
                0x20000018                . = ALIGN (0x8)
 *(.co_stack .co_stack.*)
 .co_stack      0x20000018      0x800 ..\obj\startup_stm32f4xx.o
                0x20000018                pulStack
                0x20020000                __StackTop = (ORIGIN (ram) + 0x20000)
                0x2001f800                __StackLimit = (__StackTop - SIZEOF (.co_stack))
                0x20020000                PROVIDE (__stack, __StackTop)
                0x00000001                ASSERT ((__StackLimit >= __HeapLimit), region ram  overflowed with stack)
LOAD ..\obj\stm32f4xx_syscfg.o
LOAD ..\obj\stm32f4xx_usart.o
LOAD ..\obj\init_GPIOs.o
LOAD ..\obj\stm32f4xx_pwr.o
LOAD ..\obj\startup_stm32f4xx.o
LOAD ..\obj\stm32f4xx_crc.o
LOAD ..\obj\main.o
LOAD ..\obj\stm32f4xx_rcc.o
LOAD ..\obj\stm32f4xx_adc.o
LOAD ..\obj\stm32f4xx_fsmc.o
LOAD ..\obj\stm32f4xx_gpio.o
LOAD ..\obj\stm32f4xx_flash.o
LOAD ..\obj\system_stm32f4xx.o
LOAD ..\obj\syscalls.o
LOAD ..\obj\stm32f4xx_dma.o
LOAD ..\obj\stm32f4xx_i2c.o
LOAD ..\obj\stm32f4xx_exti.o
LOAD ..\obj\misc.o
LOAD ..\obj\stm32f4xx_tim.o
LOAD c:/users/äxéj/mentorgraphics/sourcery_codebench_lite_for_arm_eabi/bin/../lib/gcc/arm-none-eabi/4.8.3/../../../../arm-none-eabi/lib/thumb2\libm.a
LOAD c:/users/äxéj/mentorgraphics/sourcery_codebench_lite_for_arm_eabi/bin/../lib/gcc/arm-none-eabi/4.8.3/thumb2\libgcc.a
LOAD c:/users/äxéj/mentorgraphics/sourcery_codebench_lite_for_arm_eabi/bin/../lib/gcc/arm-none-eabi/4.8.3/../../../../arm-none-eabi/lib/thumb2\libc.a
START GROUP
LOAD c:/users/äxéj/mentorgraphics/sourcery_codebench_lite_for_arm_eabi/bin/../lib/gcc/arm-none-eabi/4.8.3/thumb2\libgcc.a
LOAD c:/users/äxéj/mentorgraphics/sourcery_codebench_lite_for_arm_eabi/bin/../lib/gcc/arm-none-eabi/4.8.3/../../../../arm-none-eabi/lib/thumb2\libc.a
END GROUP
OUTPUT(test.elf elf32-littlearm)

.debug_info     0x00000000     0x42a8
 .debug_info    0x00000000      0x2b2 ..\obj\init_GPIOs.o
 .debug_info    0x000002b2       0xed ..\obj\startup_stm32f4xx.o
 .debug_info    0x0000039f      0xb77 ..\obj\main.o
 .debug_info    0x00000f16      0xc21 ..\obj\stm32f4xx_rcc.o
 .debug_info    0x00001b37      0x5d6 ..\obj\stm32f4xx_gpio.o
 .debug_info    0x0000210d      0x566 ..\obj\system_stm32f4xx.o
 .debug_info    0x00002673     0x1c35 ..\obj\stm32f4xx_tim.o

.debug_abbrev   0x00000000      0xa24
 .debug_abbrev  0x00000000      0x117 ..\obj\init_GPIOs.o
 .debug_abbrev  0x00000117       0xb0 ..\obj\startup_stm32f4xx.o
 .debug_abbrev  0x000001c7      0x21a ..\obj\main.o
 .debug_abbrev  0x000003e1      0x1e3 ..\obj\stm32f4xx_rcc.o
 .debug_abbrev  0x000005c4      0x1a3 ..\obj\stm32f4xx_gpio.o
 .debug_abbrev  0x00000767      0x136 ..\obj\system_stm32f4xx.o
 .debug_abbrev  0x0000089d      0x187 ..\obj\stm32f4xx_tim.o

.debug_aranges  0x00000000      0x5d8
 .debug_aranges
                0x00000000       0x28 ..\obj\init_GPIOs.o
 .debug_aranges
                0x00000028       0x28 ..\obj\startup_stm32f4xx.o
 .debug_aranges
                0x00000050       0x60 ..\obj\main.o
 .debug_aranges
                0x000000b0      0x178 ..\obj\stm32f4xx_rcc.o
 .debug_aranges
                0x00000228       0x88 ..\obj\stm32f4xx_gpio.o
 .debug_aranges
                0x000002b0       0x30 ..\obj\system_stm32f4xx.o
 .debug_aranges
                0x000002e0      0x2f8 ..\obj\stm32f4xx_tim.o

.debug_ranges   0x00000000      0x568
 .debug_ranges  0x00000000       0x18 ..\obj\init_GPIOs.o
 .debug_ranges  0x00000018       0x18 ..\obj\startup_stm32f4xx.o
 .debug_ranges  0x00000030       0x50 ..\obj\main.o
 .debug_ranges  0x00000080      0x168 ..\obj\stm32f4xx_rcc.o
 .debug_ranges  0x000001e8       0x78 ..\obj\stm32f4xx_gpio.o
 .debug_ranges  0x00000260       0x20 ..\obj\system_stm32f4xx.o
 .debug_ranges  0x00000280      0x2e8 ..\obj\stm32f4xx_tim.o

.debug_line     0x00000000     0x199e
 .debug_line    0x00000000      0x213 ..\obj\init_GPIOs.o
 .debug_line    0x00000213       0xa6 ..\obj\startup_stm32f4xx.o
 .debug_line    0x000002b9      0x2c2 ..\obj\main.o
 .debug_line    0x0000057b      0x55d ..\obj\stm32f4xx_rcc.o
 .debug_line    0x00000ad8      0x300 ..\obj\stm32f4xx_gpio.o
 .debug_line    0x00000dd8      0x1a0 ..\obj\system_stm32f4xx.o
 .debug_line    0x00000f78      0xa26 ..\obj\stm32f4xx_tim.o

.debug_str      0x00000000     0x1f13
 .debug_str     0x00000000      0x2f2 ..\obj\init_GPIOs.o
                                0x32e (size before relaxing)
 .debug_str     0x000002f2       0xb5 ..\obj\startup_stm32f4xx.o
                                0x125 (size before relaxing)
 .debug_str     0x000003a7      0x8b6 ..\obj\main.o
                                0xa14 (size before relaxing)
 .debug_str     0x00000c5d      0x664 ..\obj\stm32f4xx_rcc.o
                                0x804 (size before relaxing)
 .debug_str     0x000012c1      0x196 ..\obj\stm32f4xx_gpio.o
                                0x457 (size before relaxing)
 .debug_str     0x00001457       0xb9 ..\obj\system_stm32f4xx.o
                                0x35e (size before relaxing)
 .debug_str     0x00001510      0xa03 ..\obj\stm32f4xx_tim.o
                                0xd84 (size before relaxing)

.comment        0x00000000       0x46
 .comment       0x00000000       0x46 ..\obj\init_GPIOs.o
                                 0x47 (size before relaxing)
 .comment       0x00000000       0x47 ..\obj\startup_stm32f4xx.o
 .comment       0x00000000       0x47 ..\obj\main.o
 .comment       0x00000000       0x47 ..\obj\stm32f4xx_rcc.o
 .comment       0x00000000       0x47 ..\obj\stm32f4xx_gpio.o
 .comment       0x00000000       0x47 ..\obj\system_stm32f4xx.o
 .comment       0x00000000       0x47 ..\obj\stm32f4xx_tim.o

.ARM.attributes
                0x00000000       0x33
 .ARM.attributes
                0x00000000       0x33 ..\obj\init_GPIOs.o
 .ARM.attributes
                0x00000033       0x33 ..\obj\startup_stm32f4xx.o
 .ARM.attributes
                0x00000066       0x33 ..\obj\main.o
 .ARM.attributes
                0x00000099       0x33 ..\obj\stm32f4xx_rcc.o
 .ARM.attributes
                0x000000cc       0x33 ..\obj\stm32f4xx_gpio.o
 .ARM.attributes
                0x000000ff       0x33 ..\obj\system_stm32f4xx.o
 .ARM.attributes
                0x00000132       0x33 ..\obj\stm32f4xx_tim.o
 .ARM.attributes
                0x00000165       0x19 c:/users/äxéj/mentorgraphics/sourcery_codebench_lite_for_arm_eabi/bin/../lib/gcc/arm-none-eabi/4.8.3/thumb2\libgcc.a(_arm_addsubdf3.o)
 .ARM.attributes
                0x0000017e       0x19 c:/users/äxéj/mentorgraphics/sourcery_codebench_lite_for_arm_eabi/bin/../lib/gcc/arm-none-eabi/4.8.3/thumb2\libgcc.a(_arm_truncdfsf2.o)
 .ARM.attributes
                0x00000197       0x19 c:/users/äxéj/mentorgraphics/sourcery_codebench_lite_for_arm_eabi/bin/../lib/gcc/arm-none-eabi/4.8.3/thumb2\libgcc.a(_arm_addsubsf3.o)
 .ARM.attributes
                0x000001b0       0x19 c:/users/äxéj/mentorgraphics/sourcery_codebench_lite_for_arm_eabi/bin/../lib/gcc/arm-none-eabi/4.8.3/thumb2\libgcc.a(_arm_muldivsf3.o)
 .ARM.attributes
                0x000001c9       0x19 c:/users/äxéj/mentorgraphics/sourcery_codebench_lite_for_arm_eabi/bin/../lib/gcc/arm-none-eabi/4.8.3/thumb2\libgcc.a(_arm_cmpsf2.o)
 .ARM.attributes
                0x000001e2       0x19 c:/users/äxéj/mentorgraphics/sourcery_codebench_lite_for_arm_eabi/bin/../lib/gcc/arm-none-eabi/4.8.3/thumb2\libgcc.a(_arm_fixunssfsi.o)

.debug_frame    0x00000000     0x12cc
 .debug_frame   0x00000000       0x4c ..\obj\init_GPIOs.o
 .debug_frame   0x0000004c       0x48 ..\obj\startup_stm32f4xx.o
 .debug_frame   0x00000094      0x124 ..\obj\main.o
 .debug_frame   0x000001b8      0x4d8 ..\obj\stm32f4xx_rcc.o
 .debug_frame   0x00000690      0x19c ..\obj\stm32f4xx_gpio.o
 .debug_frame   0x0000082c       0x64 ..\obj\system_stm32f4xx.o
 .debug_frame   0x00000890      0xa3c ..\obj\stm32f4xx_tim.o
